Archive member included to satisfy reference by file (symbol)

c:/sysgcc/arm-eabi/bin/../lib/gcc/arm-none-eabi/10.3.1/../../../../arm-none-eabi/lib/thumb/v7-m/nofp\libc.a(lib_a-errno.o)
                              CMakeFiles/MacroKeyboard_V0.2.elf.dir/Core/Src/syscalls.c.obj (__errno)
c:/sysgcc/arm-eabi/bin/../lib/gcc/arm-none-eabi/10.3.1/../../../../arm-none-eabi/lib/thumb/v7-m/nofp\libc.a(lib_a-exit.o)
                              c:/sysgcc/arm-eabi/bin/../lib/gcc/arm-none-eabi/10.3.1/../../../../arm-none-eabi/lib/thumb/v7-m/nofp/crt0.o (exit)
c:/sysgcc/arm-eabi/bin/../lib/gcc/arm-none-eabi/10.3.1/../../../../arm-none-eabi/lib/thumb/v7-m/nofp\libc.a(lib_a-impure.o)
                              c:/sysgcc/arm-eabi/bin/../lib/gcc/arm-none-eabi/10.3.1/../../../../arm-none-eabi/lib/thumb/v7-m/nofp\libc.a(lib_a-exit.o) (_global_impure_ptr)
c:/sysgcc/arm-eabi/bin/../lib/gcc/arm-none-eabi/10.3.1/../../../../arm-none-eabi/lib/thumb/v7-m/nofp\libc.a(lib_a-init.o)
                              c:/sysgcc/arm-eabi/bin/../lib/gcc/arm-none-eabi/10.3.1/../../../../arm-none-eabi/lib/thumb/v7-m/nofp/crt0.o (__libc_init_array)
c:/sysgcc/arm-eabi/bin/../lib/gcc/arm-none-eabi/10.3.1/../../../../arm-none-eabi/lib/thumb/v7-m/nofp\libc.a(lib_a-memset.o)
                              c:/sysgcc/arm-eabi/bin/../lib/gcc/arm-none-eabi/10.3.1/../../../../arm-none-eabi/lib/thumb/v7-m/nofp/crt0.o (memset)
c:/sysgcc/arm-eabi/bin/../lib/gcc/arm-none-eabi/10.3.1/../../../../arm-none-eabi/lib/thumb/v7-m/nofp\libc.a(lib_a-__call_atexit.o)
                              c:/sysgcc/arm-eabi/bin/../lib/gcc/arm-none-eabi/10.3.1/../../../../arm-none-eabi/lib/thumb/v7-m/nofp\libc.a(lib_a-exit.o) (__call_exitprocs)
c:/sysgcc/arm-eabi/bin/../lib/gcc/arm-none-eabi/10.3.1/../../../../arm-none-eabi/lib/thumb/v7-m/nofp\libc.a(lib_a-atexit.o)
                              c:/sysgcc/arm-eabi/bin/../lib/gcc/arm-none-eabi/10.3.1/../../../../arm-none-eabi/lib/thumb/v7-m/nofp\libc.a(lib_a-__call_atexit.o) (atexit)
c:/sysgcc/arm-eabi/bin/../lib/gcc/arm-none-eabi/10.3.1/../../../../arm-none-eabi/lib/thumb/v7-m/nofp\libc.a(lib_a-fini.o)
                              c:/sysgcc/arm-eabi/bin/../lib/gcc/arm-none-eabi/10.3.1/../../../../arm-none-eabi/lib/thumb/v7-m/nofp\libc.a(lib_a-__call_atexit.o) (__libc_fini_array)
c:/sysgcc/arm-eabi/bin/../lib/gcc/arm-none-eabi/10.3.1/../../../../arm-none-eabi/lib/thumb/v7-m/nofp\libc.a(lib_a-lock.o)
                              c:/sysgcc/arm-eabi/bin/../lib/gcc/arm-none-eabi/10.3.1/../../../../arm-none-eabi/lib/thumb/v7-m/nofp\libc.a(lib_a-__call_atexit.o) (__retarget_lock_acquire_recursive)
c:/sysgcc/arm-eabi/bin/../lib/gcc/arm-none-eabi/10.3.1/../../../../arm-none-eabi/lib/thumb/v7-m/nofp\libc.a(lib_a-__atexit.o)
                              c:/sysgcc/arm-eabi/bin/../lib/gcc/arm-none-eabi/10.3.1/../../../../arm-none-eabi/lib/thumb/v7-m/nofp\libc.a(lib_a-atexit.o) (__register_exitproc)

Discarded input sections

 .text          0x00000000        0x0 c:/sysgcc/arm-eabi/bin/../lib/gcc/arm-none-eabi/10.3.1/thumb/v7-m/nofp/crti.o
 .data          0x00000000        0x0 c:/sysgcc/arm-eabi/bin/../lib/gcc/arm-none-eabi/10.3.1/thumb/v7-m/nofp/crti.o
 .bss           0x00000000        0x0 c:/sysgcc/arm-eabi/bin/../lib/gcc/arm-none-eabi/10.3.1/thumb/v7-m/nofp/crti.o
 .data          0x00000000        0x4 c:/sysgcc/arm-eabi/bin/../lib/gcc/arm-none-eabi/10.3.1/thumb/v7-m/nofp/crtbegin.o
 .rodata        0x00000000       0x24 c:/sysgcc/arm-eabi/bin/../lib/gcc/arm-none-eabi/10.3.1/thumb/v7-m/nofp/crtbegin.o
 .text          0x00000000       0x7c c:/sysgcc/arm-eabi/bin/../lib/gcc/arm-none-eabi/10.3.1/../../../../arm-none-eabi/lib/thumb/v7-m/nofp/crt0.o
 .data          0x00000000        0x0 c:/sysgcc/arm-eabi/bin/../lib/gcc/arm-none-eabi/10.3.1/../../../../arm-none-eabi/lib/thumb/v7-m/nofp/crt0.o
 .bss           0x00000000        0x0 c:/sysgcc/arm-eabi/bin/../lib/gcc/arm-none-eabi/10.3.1/../../../../arm-none-eabi/lib/thumb/v7-m/nofp/crt0.o
 .ARM.extab     0x00000000        0x0 c:/sysgcc/arm-eabi/bin/../lib/gcc/arm-none-eabi/10.3.1/../../../../arm-none-eabi/lib/thumb/v7-m/nofp/crt0.o
 .ARM.exidx     0x00000000       0x10 c:/sysgcc/arm-eabi/bin/../lib/gcc/arm-none-eabi/10.3.1/../../../../arm-none-eabi/lib/thumb/v7-m/nofp/crt0.o
 .ARM.attributes
                0x00000000       0x1b c:/sysgcc/arm-eabi/bin/../lib/gcc/arm-none-eabi/10.3.1/../../../../arm-none-eabi/lib/thumb/v7-m/nofp/crt0.o
 .text          0x00000000        0x0 CMakeFiles/MacroKeyboard_V0.2.elf.dir/Core/Src/gpio.c.obj
 .data          0x00000000        0x0 CMakeFiles/MacroKeyboard_V0.2.elf.dir/Core/Src/gpio.c.obj
 .bss           0x00000000        0x0 CMakeFiles/MacroKeyboard_V0.2.elf.dir/Core/Src/gpio.c.obj
 .text          0x00000000        0x0 CMakeFiles/MacroKeyboard_V0.2.elf.dir/Core/Src/main.c.obj
 .data          0x00000000        0x0 CMakeFiles/MacroKeyboard_V0.2.elf.dir/Core/Src/main.c.obj
[...]
Memory Configuration

Name             Origin             Length             Attributes
RAM              0x20000000         0x00010000         xrw
FLASH            0x08000000         0x00080000         xr
*default*        0x00000000         0xffffffff

Linker script and memory map

LOAD c:/sysgcc/arm-eabi/bin/../lib/gcc/arm-none-eabi/10.3.1/thumb/v7-m/nofp/crti.o
LOAD c:/sysgcc/arm-eabi/bin/../lib/gcc/arm-none-eabi/10.3.1/thumb/v7-m/nofp/crtbegin.o
LOAD c:/sysgcc/arm-eabi/bin/../lib/gcc/arm-none-eabi/10.3.1/../../../../arm-none-eabi/lib/thumb/v7-m/nofp/crt0.o
LOAD CMakeFiles/MacroKeyboard_V0.2.elf.dir/Core/Src/gpio.c.obj
LOAD CMakeFiles/MacroKeyboard_V0.2.elf.dir/Core/Src/main.c.obj
LOAD CMakeFiles/MacroKeyboard_V0.2.elf.dir/Core/Src/stm32f1xx_hal_msp.c.obj
LOAD CMakeFiles/MacroKeyboard_V0.2.elf.dir/Core/Src/stm32f1xx_it.c.obj
LOAD CMakeFiles/MacroKeyboard_V0.2.elf.dir/Core/Src/syscalls.c.obj
LOAD CMakeFiles/MacroKeyboard_V0.2.elf.dir/Core/Src/system_stm32f1xx.c.obj
LOAD CMakeFiles/MacroKeyboard_V0.2.elf.dir/Drivers/STM32F1xx_HAL_Driver/Src/stm32f1xx_hal.c.obj
LOAD CMakeFiles/MacroKeyboard_V0.2.elf.dir/Drivers/STM32F1xx_HAL_Driver/Src/stm32f1xx_hal_cortex.c.obj
LOAD CMakeFiles/MacroKeyboard_V0.2.elf.dir/Drivers/STM32F1xx_HAL_Driver/Src/stm32f1xx_hal_dma.c.obj
LOAD CMakeFiles/MacroKeyboard_V0.2.elf.dir/Drivers/STM32F1xx_HAL_Driver/Src/stm32f1xx_hal_exti.c.obj
LOAD CMakeFiles/MacroKeyboard_V0.2.elf.dir/Drivers/STM32F1xx_HAL_Driver/Src/stm32f1xx_hal_flash.c.obj
LOAD CMakeFiles/MacroKeyboard_V0.2.elf.dir/Drivers/STM32F1xx_HAL_Driver/Src/stm32f1xx_hal_flash_ex.c.obj
LOAD CMakeFiles/MacroKeyboard_V0.2.elf.dir/Drivers/STM32F1xx_HAL_Driver/Src/stm32f1xx_hal_gpio.c.obj
LOAD CMakeFiles/MacroKeyboard_V0.2.elf.dir/Drivers/STM32F1xx_HAL_Driver/Src/stm32f1xx_hal_gpio_ex.c.obj
LOAD CMakeFiles/MacroKeyboard_V0.2.elf.dir/Drivers/STM32F1xx_HAL_Driver/Src/stm32f1xx_hal_pcd.c.obj
LOAD CMakeFiles/MacroKeyboard_V0.2.elf.dir/Drivers/STM32F1xx_HAL_Driver/Src/stm32f1xx_hal_pcd_ex.c.obj
LOAD CMakeFiles/MacroKeyboard_V0.2.elf.dir/Drivers/STM32F1xx_HAL_Driver/Src/stm32f1xx_hal_pwr.c.obj
LOAD CMakeFiles/MacroKeyboard_V0.2.elf.dir/Drivers/STM32F1xx_HAL_Driver/Src/stm32f1xx_hal_rcc.c.obj
LOAD CMakeFiles/MacroKeyboard_V0.2.elf.dir/Drivers/STM32F1xx_HAL_Driver/Src/stm32f1xx_hal_rcc_ex.c.obj
LOAD CMakeFiles/MacroKeyboard_V0.2.elf.dir/Drivers/STM32F1xx_HAL_Driver/Src/stm32f1xx_hal_tim.c.obj
LOAD CMakeFiles/MacroKeyboard_V0.2.elf.dir/Drivers/STM32F1xx_HAL_Driver/Src/stm32f1xx_hal_tim_ex.c.obj
LOAD CMakeFiles/MacroKeyboard_V0.2.elf.dir/Drivers/STM32F1xx_HAL_Driver/Src/stm32f1xx_ll_usb.c.obj
LOAD CMakeFiles/MacroKeyboard_V0.2.elf.dir/Middlewares/ST/STM32_USB_Device_Library/Class/CustomHID/Src/usbd_customhid.c.obj
LOAD CMakeFiles/MacroKeyboard_V0.2.elf.dir/Middlewares/ST/STM32_USB_Device_Library/Core/Src/usbd_core.c.obj
LOAD CMakeFiles/MacroKeyboard_V0.2.elf.dir/Middlewares/ST/STM32_USB_Device_Library/Core/Src/usbd_ctlreq.c.obj
LOAD CMakeFiles/MacroKeyboard_V0.2.elf.dir/Middlewares/ST/STM32_USB_Device_Library/Core/Src/usbd_ioreq.c.obj
LOAD CMakeFiles/MacroKeyboard_V0.2.elf.dir/USB_DEVICE/App/usb_device.c.obj
LOAD CMakeFiles/MacroKeyboard_V0.2.elf.dir/USB_DEVICE/App/usbd_custom_hid_if.c.obj
LOAD CMakeFiles/MacroKeyboard_V0.2.elf.dir/USB_DEVICE/App/usbd_desc.c.obj
LOAD CMakeFiles/MacroKeyboard_V0.2.elf.dir/USB_DEVICE/Target/usbd_conf.c.obj
LOAD CMakeFiles/MacroKeyboard_V0.2.elf.dir/startup/startup_stm32f103xe.s.obj
START GROUP
LOAD c:/sysgcc/arm-eabi/bin/../lib/gcc/arm-none-eabi/10.3.1/thumb/v7-m/nofp\libgcc.a
LOAD c:/sysgcc/arm-eabi/bin/../lib/gcc/arm-none-eabi/10.3.1/../../../../arm-none-eabi/lib/thumb/v7-m/nofp\libc.a
END GROUP
LOAD c:/sysgcc/arm-eabi/bin/../lib/gcc/arm-none-eabi/10.3.1/thumb/v7-m/nofp/crtend.o
LOAD c:/sysgcc/arm-eabi/bin/../lib/gcc/arm-none-eabi/10.3.1/thumb/v7-m/nofp/crtn.o
                0x20010000                _estack = 0x20010000
                0x00000200                _Min_Heap_Size = 0x200
                0x00000400                _Min_Stack_Size = 0x400

.isr_vector     0x08000000      0x1e4
                0x08000000                . = ALIGN (0x4)
 *(.isr_vector)
 .isr_vector    0x08000000      0x1e4 CMakeFiles/MacroKeyboard_V0.2.elf.dir/startup/startup_stm32f103xe.s.obj
                0x08000000                g_pfnVectors
                0x080001e4                . = ALIGN (0x4)

.text           0x080001e4     0x3b08
                0x080001e4                . = ALIGN (0x4)
 *(.text)
 .text          0x080001e4       0x40 c:/sysgcc/arm-eabi/bin/../lib/gcc/arm-none-eabi/10.3.1/thumb/v7-m/nofp/crtbegin.o
 *(.text*)
 .text.MX_GPIO_Init
                0x08000224       0x30 CMakeFiles/MacroKeyboard_V0.2.elf.dir/Core/Src/gpio.c.obj
                0x08000224                MX_GPIO_Init
 .text.Error_Handler
                0x08000254        0x4 CMakeFiles/MacroKeyboard_V0.2.elf.dir/Core/Src/main.c.obj
                0x08000254                Error_Handler
 .text.SystemClock_Config
                0x08000258       0x84 CMakeFiles/MacroKeyboard_V0.2.elf.dir/Core/Src/main.c.obj
                0x08000258                SystemClock_Config
 .text.main     0x080002dc       0x14 CMakeFiles/MacroKeyboard_V0.2.elf.dir/Core/Src/main.c.obj
                0x080002dc                main
 .text.HAL_MspInit
                0x080002f0       0x44 CMakeFiles/MacroKeyboard_V0.2.elf.dir/Core/Src/stm32f1xx_hal_msp.c.obj
                0x080002f0                HAL_MspInit
 .text.NMI_Handler
                0x08000334        0x2 CMakeFiles/MacroKeyboard_V0.2.elf.dir/Core/Src/stm32f1xx_it.c.obj
                0x08000334                NMI_Handler
 .text.HardFault_Handler
                0x08000336        0x2 CMakeFiles/MacroKeyboard_V0.2.elf.dir/Core/Src/stm32f1xx_it.c.obj
                0x08000336                HardFault_Handler
 .text.MemManage_Handler
                0x08000338        0x2 CMakeFiles/MacroKeyboard_V0.2.elf.dir/Core/Src/stm32f1xx_it.c.obj
                0x08000338                MemManage_Handler
 .text.BusFault_Handler
                0x0800033a        0x2 CMakeFiles/MacroKeyboard_V0.2.elf.dir/Core/Src/stm32f1xx_it.c.obj
                0x0800033a                BusFault_Handler
 .text.UsageFault_Handler
                0x0800033c        0x2 CMakeFiles/MacroKeyboard_V0.2.elf.dir/Core/Src/stm32f1xx_it.c.obj
                0x0800033c                UsageFault_Handler
 .text.SVC_Handler
                0x0800033e        0x2 CMakeFiles/MacroKeyboard_V0.2.elf.dir/Core/Src/stm32f1xx_it.c.obj
                0x0800033e                SVC_Handler
 .text.DebugMon_Handler
                0x08000340        0x2 CMakeFiles/MacroKeyboard_V0.2.elf.dir/Core/Src/stm32f1xx_it.c.obj
                0x08000340                DebugMon_Handler
 .text.PendSV_Handler
                0x08000342        0x2 CMakeFiles/MacroKeyboard_V0.2.elf.dir/Core/Src/stm32f1xx_it.c.obj
                0x08000342                PendSV_Handler
 .text.SysTick_Handler
                0x08000344        0x8 CMakeFiles/MacroKeyboard_V0.2.elf.dir/Core/Src/stm32f1xx_it.c.obj
                0x08000344                SysTick_Handler
 .text.USB_LP_CAN1_RX0_IRQHandler
                0x0800034c       0x10 CMakeFiles/MacroKeyboard_V0.2.elf.dir/Core/Src/stm32f1xx_it.c.obj
                0x0800034c                USB_LP_CAN1_RX0_IRQHandler
 .text.SystemInit
                0x0800035c        0x2 CMakeFiles/MacroKeyboard_V0.2.elf.dir/Core/Src/system_stm32f1xx.c.obj
                0x0800035c                SystemInit
 *fill*         0x0800035e        0x2 
 .text.HAL_InitTick
                0x08000360       0x4c CMakeFiles/MacroKeyboard_V0.2.elf.dir/Drivers/STM32F1xx_HAL_Driver/Src/stm32f1xx_hal.c.obj
                0x08000360                HAL_InitTick
 .text.HAL_Init
                0x080003ac       0x24 CMakeFiles/MacroKeyboard_V0.2.elf.dir/Drivers/STM32F1xx_HAL_Driver/Src/stm32f1xx_hal.c.obj
                0x080003ac                HAL_Init
 .text.HAL_IncTick
                0x080003d0       0x18 CMakeFiles/MacroKeyboard_V0.2.elf.dir/Drivers/STM32F1xx_HAL_Driver/Src/stm32f1xx_hal.c.obj
                0x080003d0                HAL_IncTick
 .text.HAL_GetTick
                0x080003e8        0xc CMakeFiles/MacroKeyboard_V0.2.elf.dir/Drivers/STM32F1xx_HAL_Driver/Src/stm32f1xx_hal.c.obj
                0x080003e8                HAL_GetTick
 .text.HAL_NVIC_SetPriorityGrouping
                0x080003f4       0x24 CMakeFiles/MacroKeyboard_V0.2.elf.dir/Drivers/STM32F1xx_HAL_Driver/Src/stm32f1xx_hal_cortex.c.obj
                0x080003f4                HAL_NVIC_SetPriorityGrouping
 .text.HAL_NVIC_SetPriority
                0x08000418       0x70 CMakeFiles/MacroKeyboard_V0.2.elf.dir/Drivers/STM32F1xx_HAL_Driver/Src/stm32f1xx_hal_cortex.c.obj
                0x08000418                HAL_NVIC_SetPriority
 .text.HAL_NVIC_EnableIRQ
                0x08000488       0x1c CMakeFiles/MacroKeyboard_V0.2.elf.dir/Drivers/STM32F1xx_HAL_Driver/Src/stm32f1xx_hal_cortex.c.obj
                0x08000488                HAL_NVIC_EnableIRQ
 .text.HAL_SYSTICK_Config
                0x080004a4       0x28 CMakeFiles/MacroKeyboard_V0.2.elf.dir/Drivers/STM32F1xx_HAL_Driver/Src/stm32f1xx_hal_cortex.c.obj
                0x080004a4                HAL_SYSTICK_Config
 .text.HAL_PCD_EP_DB_Receive
                0x080004cc      0x11c CMakeFiles/MacroKeyboard_V0.2.elf.dir/Drivers/STM32F1xx_HAL_Driver/Src/stm32f1xx_hal_pcd.c.obj
 .text.HAL_PCD_Init
                0x080005e8      0x118 CMakeFiles/MacroKeyboard_V0.2.elf.dir/Drivers/STM32F1xx_HAL_Driver/Src/stm32f1xx_hal_pcd.c.obj
                0x080005e8                HAL_PCD_Init
 .text.HAL_PCD_Start
                0x08000700       0x32 CMakeFiles/MacroKeyboard_V0.2.elf.dir/Drivers/STM32F1xx_HAL_Driver/Src/stm32f1xx_hal_pcd.c.obj
                0x08000700                HAL_PCD_Start
 .text.HAL_PCD_EP_DB_Transmit
                0x08000732      0x420 CMakeFiles/MacroKeyboard_V0.2.elf.dir/Drivers/STM32F1xx_HAL_Driver/Src/stm32f1xx_hal_pcd.c.obj
 .text.PCD_EP_ISR_Handler
                0x08000b52      0x438 CMakeFiles/MacroKeyboard_V0.2.elf.dir/Drivers/STM32F1xx_HAL_Driver/Src/stm32f1xx_hal_pcd.c.obj
 .text.HAL_PCD_SetAddress
                0x08000f8a       0x28 CMakeFiles/MacroKeyboard_V0.2.elf.dir/Drivers/STM32F1xx_HAL_Driver/Src/stm32f1xx_hal_pcd.c.obj
                0x08000f8a                HAL_PCD_SetAddress
 .text.HAL_PCD_IRQHandler
                0x08000fb2      0x1d4 CMakeFiles/MacroKeyboard_V0.2.elf.dir/Drivers/STM32F1xx_HAL_Driver/Src/stm32f1xx_hal_pcd.c.obj
                0x08000fb2                HAL_PCD_IRQHandler
 .text.HAL_PCD_EP_Open
                0x08001186       0x84 CMakeFiles/MacroKeyboard_V0.2.elf.dir/Drivers/STM32F1xx_HAL_Driver/Src/stm32f1xx_hal_pcd.c.obj
                0x08001186                HAL_PCD_EP_Open
 .text.HAL_PCD_EP_Close
                0x0800120a       0x64 CMakeFiles/MacroKeyboard_V0.2.elf.dir/Drivers/STM32F1xx_HAL_Driver/Src/stm32f1xx_hal_pcd.c.obj
                0x0800120a                HAL_PCD_EP_Close
 .text.HAL_PCD_EP_Receive
                0x0800126e       0x44 CMakeFiles/MacroKeyboard_V0.2.elf.dir/Drivers/STM32F1xx_HAL_Driver/Src/stm32f1xx_hal_pcd.c.obj
                0x0800126e                HAL_PCD_EP_Receive
 .text.HAL_PCD_EP_Transmit
                0x080012b2       0x50 CMakeFiles/MacroKeyboard_V0.2.elf.dir/Drivers/STM32F1xx_HAL_Driver/Src/stm32f1xx_hal_pcd.c.obj
                0x080012b2                HAL_PCD_EP_Transmit
 .text.HAL_PCD_EP_SetStall
                0x08001302       0x78 CMakeFiles/MacroKeyboard_V0.2.elf.dir/Drivers/STM32F1xx_HAL_Driver/Src/stm32f1xx_hal_pcd.c.obj
                0x08001302                HAL_PCD_EP_SetStall
 .text.HAL_PCD_EP_ClrStall
                0x0800137a       0x76 CMakeFiles/MacroKeyboard_V0.2.elf.dir/Drivers/STM32F1xx_HAL_Driver/Src/stm32f1xx_hal_pcd.c.obj
                0x0800137a                HAL_PCD_EP_ClrStall
 .text.HAL_PCDEx_PMAConfig
                0x080013f0       0x38 CMakeFiles/MacroKeyboard_V0.2.elf.dir/Drivers/STM32F1xx_HAL_Driver/Src/stm32f1xx_hal_pcd_ex.c.obj
                0x080013f0                HAL_PCDEx_PMAConfig
 .text.RCC_Delay
                0x08001428       0x2c CMakeFiles/MacroKeyboard_V0.2.elf.dir/Drivers/STM32F1xx_HAL_Driver/Src/stm32f1xx_hal_rcc.c.obj
 .text.HAL_RCC_OscConfig
                0x08001454      0x410 CMakeFiles/MacroKeyboard_V0.2.elf.dir/Drivers/STM32F1xx_HAL_Driver/Src/stm32f1xx_hal_rcc.c.obj
                0x08001454                HAL_RCC_OscConfig
 .text.HAL_RCC_GetSysClockFreq
                0x08001864       0x70 CMakeFiles/MacroKeyboard_V0.2.elf.dir/Drivers/STM32F1xx_HAL_Driver/Src/stm32f1xx_hal_rcc.c.obj
                0x08001864                HAL_RCC_GetSysClockFreq
 .text.HAL_RCC_ClockConfig
                0x080018d4      0x16c CMakeFiles/MacroKeyboard_V0.2.elf.dir/Drivers/STM32F1xx_HAL_Driver/Src/stm32f1xx_hal_rcc.c.obj
                0x080018d4                HAL_RCC_ClockConfig
 .text.HAL_RCCEx_PeriphCLKConfig
                0x08001a40      0x118 CMakeFiles/MacroKeyboard_V0.2.elf.dir/Drivers/STM32F1xx_HAL_Driver/Src/stm32f1xx_hal_rcc_ex.c.obj
                0x08001a40                HAL_RCCEx_PeriphCLKConfig
 .text.USB_CoreInit
                0x08001b58        0xe CMakeFiles/MacroKeyboard_V0.2.elf.dir/Drivers/STM32F1xx_HAL_Driver/Src/stm32f1xx_ll_usb.c.obj
                0x08001b58                USB_CoreInit
 .text.USB_EnableGlobalInt
                0x08001b66       0x12 CMakeFiles/MacroKeyboard_V0.2.elf.dir/Drivers/STM32F1xx_HAL_Driver/Src/stm32f1xx_ll_usb.c.obj
                0x08001b66                USB_EnableGlobalInt
 .text.USB_DisableGlobalInt
                0x08001b78       0x14 CMakeFiles/MacroKeyboard_V0.2.elf.dir/Drivers/STM32F1xx_HAL_Driver/Src/stm32f1xx_ll_usb.c.obj
                0x08001b78                USB_DisableGlobalInt
 .text.USB_SetCurrentMode
                0x08001b8c        0x4 CMakeFiles/MacroKeyboard_V0.2.elf.dir/Drivers/STM32F1xx_HAL_Driver/Src/stm32f1xx_ll_usb.c.obj
                0x08001b8c                USB_SetCurrentMode
 .text.USB_DevInit
                0x08001b90       0x22 CMakeFiles/MacroKeyboard_V0.2.elf.dir/Drivers/STM32F1xx_HAL_Driver/Src/stm32f1xx_ll_usb.c.obj
                0x08001b90                USB_DevInit
 .text.USB_ActivateEndpoint
                0x08001bb2      0x378 CMakeFiles/MacroKeyboard_V0.2.elf.dir/Drivers/STM32F1xx_HAL_Driver/Src/stm32f1xx_ll_usb.c.obj
                0x08001bb2                USB_ActivateEndpoint
 .text.USB_DeactivateEndpoint
                0x08001f2a      0x1d6 CMakeFiles/MacroKeyboard_V0.2.elf.dir/Drivers/STM32F1xx_HAL_Driver/Src/stm32f1xx_ll_usb.c.obj
                0x08001f2a                USB_DeactivateEndpoint
 .text.USB_EPSetStall
                0x08002100       0x4a CMakeFiles/MacroKeyboard_V0.2.elf.dir/Drivers/STM32F1xx_HAL_Driver/Src/stm32f1xx_ll_usb.c.obj
                0x08002100                USB_EPSetStall
 .text.USB_EPClearStall
                0x0800214a       0xa2 CMakeFiles/MacroKeyboard_V0.2.elf.dir/Drivers/STM32F1xx_HAL_Driver/Src/stm32f1xx_ll_usb.c.obj
                0x0800214a                USB_EPClearStall
 .text.USB_SetDevAddress
                0x080021ec        0xc CMakeFiles/MacroKeyboard_V0.2.elf.dir/Drivers/STM32F1xx_HAL_Driver/Src/stm32f1xx_ll_usb.c.obj
                0x080021ec                USB_SetDevAddress
 .text.USB_DevConnect
                0x080021f8        0x4 CMakeFiles/MacroKeyboard_V0.2.elf.dir/Drivers/STM32F1xx_HAL_Driver/Src/stm32f1xx_ll_usb.c.obj
                0x080021f8                USB_DevConnect
 .text.USB_DevDisconnect
                0x080021fc        0x4 CMakeFiles/MacroKeyboard_V0.2.elf.dir/Drivers/STM32F1xx_HAL_Driver/Src/stm32f1xx_ll_usb.c.obj
                0x080021fc                USB_DevDisconnect
 .text.USB_ReadInterrupts
                0x08002200        0x8 CMakeFiles/MacroKeyboard_V0.2.elf.dir/Drivers/STM32F1xx_HAL_Driver/Src/stm32f1xx_ll_usb.c.obj
                0x08002200                USB_ReadInterrupts
 .text.USB_EP0_OutStart
                0x08002208        0x4 CMakeFiles/MacroKeyboard_V0.2.elf.dir/Drivers/STM32F1xx_HAL_Driver/Src/stm32f1xx_ll_usb.c.obj
                0x08002208                USB_EP0_OutStart
 .text.USB_WritePMA
                0x0800220c       0x28 CMakeFiles/MacroKeyboard_V0.2.elf.dir/Drivers/STM32F1xx_HAL_Driver/Src/stm32f1xx_ll_usb.c.obj
                0x0800220c                USB_WritePMA
 .text.USB_EPStartXfer
                0x08002234      0x8b2 CMakeFiles/MacroKeyboard_V0.2.elf.dir/Drivers/STM32F1xx_HAL_Driver/Src/stm32f1xx_ll_usb.c.obj
                0x08002234                USB_EPStartXfer
 .text.USB_ReadPMA
                0x08002ae6       0x30 CMakeFiles/MacroKeyboard_V0.2.elf.dir/Drivers/STM32F1xx_HAL_Driver/Src/stm32f1xx_ll_usb.c.obj
                0x08002ae6                USB_ReadPMA
 *fill*         0x08002b16        0x2 
 .text.USBD_CUSTOM_HID_GetFSCfgDesc
                0x08002b18        0xc CMakeFiles/MacroKeyboard_V0.2.elf.dir/Middlewares/ST/STM32_USB_Device_Library/Class/CustomHID/Src/usbd_customhid.c.obj
 .text.USBD_CUSTOM_HID_GetHSCfgDesc
                0x08002b24        0xc CMakeFiles/MacroKeyboard_V0.2.elf.dir/Middlewares/ST/STM32_USB_Device_Library/Class/CustomHID/Src/usbd_customhid.c.obj
 .text.USBD_CUSTOM_HID_GetOtherSpeedCfgDesc
                0x08002b30        0xc CMakeFiles/MacroKeyboard_V0.2.elf.dir/Middlewares/ST/STM32_USB_Device_Library/Class/CustomHID/Src/usbd_customhid.c.obj
 .text.USBD_CUSTOM_HID_DataIn
                0x08002b3c        0xc CMakeFiles/MacroKeyboard_V0.2.elf.dir/Middlewares/ST/STM32_USB_Device_Library/Class/CustomHID/Src/usbd_customhid.c.obj
 .text.USBD_CUSTOM_HID_EP0_RxReady
                0x08002b48       0x22 CMakeFiles/MacroKeyboard_V0.2.elf.dir/Middlewares/ST/STM32_USB_Device_Library/Class/CustomHID/Src/usbd_customhid.c.obj
 *fill*         0x08002b6a        0x2 
 .text.USBD_CUSTOM_HID_GetDeviceQualifierDesc
                0x08002b6c        0xc CMakeFiles/MacroKeyboard_V0.2.elf.dir/Middlewares/ST/STM32_USB_Device_Library/Class/CustomHID/Src/usbd_customhid.c.obj
 .text.USBD_CUSTOM_HID_DataOut
                0x08002b78       0x24 CMakeFiles/MacroKeyboard_V0.2.elf.dir/Middlewares/ST/STM32_USB_Device_Library/Class/CustomHID/Src/usbd_customhid.c.obj
 .text.USBD_CUSTOM_HID_Setup
                0x08002b9c      0x128 CMakeFiles/MacroKeyboard_V0.2.elf.dir/Middlewares/ST/STM32_USB_Device_Library/Class/CustomHID/Src/usbd_customhid.c.obj
 .text.USBD_CUSTOM_HID_DeInit
                0x08002cc4       0x38 CMakeFiles/MacroKeyboard_V0.2.elf.dir/Middlewares/ST/STM32_USB_Device_Library/Class/CustomHID/Src/usbd_customhid.c.obj
 .text.USBD_CUSTOM_HID_Init
                0x08002cfc       0x52 CMakeFiles/MacroKeyboard_V0.2.elf.dir/Middlewares/ST/STM32_USB_Device_Library/Class/CustomHID/Src/usbd_customhid.c.obj
 .text.USBD_CUSTOM_HID_RegisterInterface
                0x08002d4e        0xe CMakeFiles/MacroKeyboard_V0.2.elf.dir/Middlewares/ST/STM32_USB_Device_Library/Class/CustomHID/Src/usbd_customhid.c.obj
                0x08002d4e                USBD_CUSTOM_HID_RegisterInterface
 .text.USBD_Init
                0x08002d5c       0x2e CMakeFiles/MacroKeyboard_V0.2.elf.dir/Middlewares/ST/STM32_USB_Device_Library/Core/Src/usbd_core.c.obj
                0x08002d5c                USBD_Init
 .text.USBD_RegisterClass
                0x08002d8a        0xe CMakeFiles/MacroKeyboard_V0.2.elf.dir/Middlewares/ST/STM32_USB_Device_Library/Core/Src/usbd_core.c.obj
                0x08002d8a                USBD_RegisterClass
 .text.USBD_Start
                0x08002d98        0xa CMakeFiles/MacroKeyboard_V0.2.elf.dir/Middlewares/ST/STM32_USB_Device_Library/Core/Src/usbd_core.c.obj
                0x08002d98                USBD_Start
 .text.USBD_SetClassConfig
                0x08002da2       0x18 CMakeFiles/MacroKeyboard_V0.2.elf.dir/Middlewares/ST/STM32_USB_Device_Library/Core/Src/usbd_core.c.obj
                0x08002da2                USBD_SetClassConfig
 .text.USBD_ClrClassConfig
                0x08002dba        0xe CMakeFiles/MacroKeyboard_V0.2.elf.dir/Middlewares/ST/STM32_USB_Device_Library/Core/Src/usbd_core.c.obj
                0x08002dba                USBD_ClrClassConfig
 .text.USBD_LL_SetupStage
                0x08002dc8       0x5a CMakeFiles/MacroKeyboard_V0.2.elf.dir/Middlewares/ST/STM32_USB_Device_Library/Core/Src/usbd_core.c.obj
                0x08002dc8                USBD_LL_SetupStage
 .text.USBD_LL_DataOutStage
                0x08002e22       0x8c CMakeFiles/MacroKeyboard_V0.2.elf.dir/Middlewares/ST/STM32_USB_Device_Library/Core/Src/usbd_core.c.obj
                0x08002e22                USBD_LL_DataOutStage
 .text.USBD_LL_DataInStage
                0x08002eae       0xd0 CMakeFiles/MacroKeyboard_V0.2.elf.dir/Middlewares/ST/STM32_USB_Device_Library/Core/Src/usbd_core.c.obj
                0x08002eae                USBD_LL_DataInStage
 .text.USBD_LL_Reset
                0x08002f7e       0x50 CMakeFiles/MacroKeyboard_V0.2.elf.dir/Middlewares/ST/STM32_USB_Device_Library/Core/Src/usbd_core.c.obj
                0x08002f7e                USBD_LL_Reset
 .text.USBD_LL_SetSpeed
                0x08002fce        0x6 CMakeFiles/MacroKeyboard_V0.2.elf.dir/Middlewares/ST/STM32_USB_Device_Library/Core/Src/usbd_core.c.obj
                0x08002fce                USBD_LL_SetSpeed
 .text.USBD_LL_Suspend
                0x08002fd4       0x12 CMakeFiles/MacroKeyboard_V0.2.elf.dir/Middlewares/ST/STM32_USB_Device_Library/Core/Src/usbd_core.c.obj
                0x08002fd4                USBD_LL_Suspend
 .text.USBD_LL_Resume
                0x08002fe6       0x16 CMakeFiles/MacroKeyboard_V0.2.elf.dir/Middlewares/ST/STM32_USB_Device_Library/Core/Src/usbd_core.c.obj
                0x08002fe6                USBD_LL_Resume
 .text.USBD_LL_SOF
                0x08002ffc       0x1c CMakeFiles/MacroKeyboard_V0.2.elf.dir/Middlewares/ST/STM32_USB_Device_Library/Core/Src/usbd_core.c.obj
                0x08002ffc                USBD_LL_SOF
 .text.USBD_GetLen
                0x08003018       0x14 CMakeFiles/MacroKeyboard_V0.2.elf.dir/Middlewares/ST/STM32_USB_Device_Library/Core/Src/usbd_ctlreq.c.obj
 .text.USBD_SetFeature
                0x0800302c       0x14 CMakeFiles/MacroKeyboard_V0.2.elf.dir/Middlewares/ST/STM32_USB_Device_Library/Core/Src/usbd_ctlreq.c.obj
 .text.USBD_ParseSetupRequest
                0x08003040       0x28 CMakeFiles/MacroKeyboard_V0.2.elf.dir/Middlewares/ST/STM32_USB_Device_Library/Core/Src/usbd_ctlreq.c.obj
                0x08003040                USBD_ParseSetupRequest
 .text.USBD_CtlError
                0x08003068       0x14 CMakeFiles/MacroKeyboard_V0.2.elf.dir/Middlewares/ST/STM32_USB_Device_Library/Core/Src/usbd_ctlreq.c.obj
                0x08003068                USBD_CtlError
 .text.USBD_GetDescriptor
                0x0800307c      0x186 CMakeFiles/MacroKeyboard_V0.2.elf.dir/Middlewares/ST/STM32_USB_Device_Library/Core/Src/usbd_ctlreq.c.obj
 .text.USBD_SetAddress
                0x08003202       0x4e CMakeFiles/MacroKeyboard_V0.2.elf.dir/Middlewares/ST/STM32_USB_Device_Library/Core/Src/usbd_ctlreq.c.obj
 .text.USBD_SetConfig
                0x08003250       0xb0 CMakeFiles/MacroKeyboard_V0.2.elf.dir/Middlewares/ST/STM32_USB_Device_Library/Core/Src/usbd_ctlreq.c.obj
 .text.USBD_GetConfig
                0x08003300       0x3e CMakeFiles/MacroKeyboard_V0.2.elf.dir/Middlewares/ST/STM32_USB_Device_Library/Core/Src/usbd_ctlreq.c.obj
 .text.USBD_GetStatus
                0x0800333e       0x38 CMakeFiles/MacroKeyboard_V0.2.elf.dir/Middlewares/ST/STM32_USB_Device_Library/Core/Src/usbd_ctlreq.c.obj
 .text.USBD_ClrFeature
                0x08003376       0x26 CMakeFiles/MacroKeyboard_V0.2.elf.dir/Middlewares/ST/STM32_USB_Device_Library/Core/Src/usbd_ctlreq.c.obj
 .text.USBD_StdDevReq
                0x0800339c       0x68 CMakeFiles/MacroKeyboard_V0.2.elf.dir/Middlewares/ST/STM32_USB_Device_Library/Core/Src/usbd_ctlreq.c.obj
                0x0800339c                USBD_StdDevReq
 .text.USBD_StdItfReq
                0x08003404       0x60 CMakeFiles/MacroKeyboard_V0.2.elf.dir/Middlewares/ST/STM32_USB_Device_Library/Core/Src/usbd_ctlreq.c.obj
                0x08003404                USBD_StdItfReq
 .text.USBD_StdEPReq
                0x08003464      0x1e2 CMakeFiles/MacroKeyboard_V0.2.elf.dir/Middlewares/ST/STM32_USB_Device_Library/Core/Src/usbd_ctlreq.c.obj
                0x08003464                USBD_StdEPReq
 .text.USBD_GetString
                0x08003646       0x3a CMakeFiles/MacroKeyboard_V0.2.elf.dir/Middlewares/ST/STM32_USB_Device_Library/Core/Src/usbd_ctlreq.c.obj
                0x08003646                USBD_GetString
 .text.USBD_CtlSendData
                0x08003680       0x1a CMakeFiles/MacroKeyboard_V0.2.elf.dir/Middlewares/ST/STM32_USB_Device_Library/Core/Src/usbd_ioreq.c.obj
                0x08003680                USBD_CtlSendData
 .text.USBD_CtlContinueSendData
                0x0800369a       0x10 CMakeFiles/MacroKeyboard_V0.2.elf.dir/Middlewares/ST/STM32_USB_Device_Library/Core/Src/usbd_ioreq.c.obj
                0x0800369a                USBD_CtlContinueSendData
 .text.USBD_CtlPrepareRx
                0x080036aa       0x1e CMakeFiles/MacroKeyboard_V0.2.elf.dir/Middlewares/ST/STM32_USB_Device_Library/Core/Src/usbd_ioreq.c.obj
                0x080036aa                USBD_CtlPrepareRx
 .text.USBD_CtlContinueRx
                0x080036c8       0x10 CMakeFiles/MacroKeyboard_V0.2.elf.dir/Middlewares/ST/STM32_USB_Device_Library/Core/Src/usbd_ioreq.c.obj
                0x080036c8                USBD_CtlContinueRx
 .text.USBD_CtlSendStatus
                0x080036d8       0x16 CMakeFiles/MacroKeyboard_V0.2.elf.dir/Middlewares/ST/STM32_USB_Device_Library/Core/Src/usbd_ioreq.c.obj
                0x080036d8                USBD_CtlSendStatus
 .text.USBD_CtlReceiveStatus
                0x080036ee       0x16 CMakeFiles/MacroKeyboard_V0.2.elf.dir/Middlewares/ST/STM32_USB_Device_Library/Core/Src/usbd_ioreq.c.obj
                0x080036ee                USBD_CtlReceiveStatus
 .text.MX_USB_DEVICE_Init
                0x08003704       0x54 CMakeFiles/MacroKeyboard_V0.2.elf.dir/USB_DEVICE/App/usb_device.c.obj
                0x08003704                MX_USB_DEVICE_Init
 .text.CUSTOM_HID_Init_FS
                0x08003758        0x4 CMakeFiles/MacroKeyboard_V0.2.elf.dir/USB_DEVICE/App/usbd_custom_hid_if.c.obj
 .text.CUSTOM_HID_DeInit_FS
                0x0800375c        0x4 CMakeFiles/MacroKeyboard_V0.2.elf.dir/USB_DEVICE/App/usbd_custom_hid_if.c.obj
 .text.CUSTOM_HID_OutEvent_FS
                0x08003760        0x4 CMakeFiles/MacroKeyboard_V0.2.elf.dir/USB_DEVICE/App/usbd_custom_hid_if.c.obj
 .text.USBD_FS_DeviceDescriptor
                0x08003764        0xc CMakeFiles/MacroKeyboard_V0.2.elf.dir/USB_DEVICE/App/usbd_desc.c.obj
                0x08003764                USBD_FS_DeviceDescriptor
 .text.USBD_FS_LangIDStrDescriptor
                0x08003770        0xc CMakeFiles/MacroKeyboard_V0.2.elf.dir/USB_DEVICE/App/usbd_desc.c.obj
                0x08003770                USBD_FS_LangIDStrDescriptor
 .text.IntToUnicode
                0x0800377c       0x46 CMakeFiles/MacroKeyboard_V0.2.elf.dir/USB_DEVICE/App/usbd_desc.c.obj
 *fill*         0x080037c2        0x2 
 .text.Get_SerialNum
                0x080037c4       0x38 CMakeFiles/MacroKeyboard_V0.2.elf.dir/USB_DEVICE/App/usbd_desc.c.obj
 .text.USBD_FS_SerialStrDescriptor
                0x080037fc       0x14 CMakeFiles/MacroKeyboard_V0.2.elf.dir/USB_DEVICE/App/usbd_desc.c.obj
                0x080037fc                USBD_FS_SerialStrDescriptor
 .text.USBD_FS_ProductStrDescriptor
                0x08003810       0x24 CMakeFiles/MacroKeyboard_V0.2.elf.dir/USB_DEVICE/App/usbd_desc.c.obj
                0x08003810                USBD_FS_ProductStrDescriptor
 .text.USBD_FS_ManufacturerStrDescriptor
                0x08003834       0x1c CMakeFiles/MacroKeyboard_V0.2.elf.dir/USB_DEVICE/App/usbd_desc.c.obj
                0x08003834                USBD_FS_ManufacturerStrDescriptor
 .text.USBD_FS_ConfigStrDescriptor
                0x08003850       0x24 CMakeFiles/MacroKeyboard_V0.2.elf.dir/USB_DEVICE/App/usbd_desc.c.obj
                0x08003850                USBD_FS_ConfigStrDescriptor
 .text.USBD_FS_InterfaceStrDescriptor
                0x08003874       0x24 CMakeFiles/MacroKeyboard_V0.2.elf.dir/USB_DEVICE/App/usbd_desc.c.obj
                0x08003874                USBD_FS_InterfaceStrDescriptor
 .text.USBD_Get_USB_Status
                0x08003898       0x14 CMakeFiles/MacroKeyboard_V0.2.elf.dir/USB_DEVICE/Target/usbd_conf.c.obj
 .text.HAL_PCD_MspInit
                0x080038ac       0x40 CMakeFiles/MacroKeyboard_V0.2.elf.dir/USB_DEVICE/Target/usbd_conf.c.obj
                0x080038ac                HAL_PCD_MspInit
 .text.HAL_PCD_SetupStageCallback
                0x080038ec       0x10 CMakeFiles/MacroKeyboard_V0.2.elf.dir/USB_DEVICE/Target/usbd_conf.c.obj
                0x080038ec                HAL_PCD_SetupStageCallback
 .text.HAL_PCD_DataOutStageCallback
                0x080038fc       0x18 CMakeFiles/MacroKeyboard_V0.2.elf.dir/USB_DEVICE/Target/usbd_conf.c.obj
                0x080038fc                HAL_PCD_DataOutStageCallback
 .text.HAL_PCD_DataInStageCallback
                0x08003914       0x16 CMakeFiles/MacroKeyboard_V0.2.elf.dir/USB_DEVICE/Target/usbd_conf.c.obj
                0x08003914                HAL_PCD_DataInStageCallback
 .text.HAL_PCD_SOFCallback
                0x0800392a        0xc CMakeFiles/MacroKeyboard_V0.2.elf.dir/USB_DEVICE/Target/usbd_conf.c.obj
                0x0800392a                HAL_PCD_SOFCallback
 .text.HAL_PCD_ResetCallback
                0x08003936       0x24 CMakeFiles/MacroKeyboard_V0.2.elf.dir/USB_DEVICE/Target/usbd_conf.c.obj
                0x08003936                HAL_PCD_ResetCallback
 *fill*         0x0800395a        0x2 
 .text.HAL_PCD_SuspendCallback
                0x0800395c       0x20 CMakeFiles/MacroKeyboard_V0.2.elf.dir/USB_DEVICE/Target/usbd_conf.c.obj
                0x0800395c                HAL_PCD_SuspendCallback
 .text.HAL_PCD_ResumeCallback
                0x0800397c        0xc CMakeFiles/MacroKeyboard_V0.2.elf.dir/USB_DEVICE/Target/usbd_conf.c.obj
                0x0800397c                HAL_PCD_ResumeCallback
 .text.USBD_LL_Init
                0x08003988       0x74 CMakeFiles/MacroKeyboard_V0.2.elf.dir/USB_DEVICE/Target/usbd_conf.c.obj
                0x08003988                USBD_LL_Init
 .text.USBD_LL_Start
                0x080039fc       0x10 CMakeFiles/MacroKeyboard_V0.2.elf.dir/USB_DEVICE/Target/usbd_conf.c.obj
                0x080039fc                USBD_LL_Start
 .text.USBD_LL_OpenEP
                0x08003a0c       0x16 CMakeFiles/MacroKeyboard_V0.2.elf.dir/USB_DEVICE/Target/usbd_conf.c.obj
                0x08003a0c                USBD_LL_OpenEP
 .text.USBD_LL_CloseEP
                0x08003a22       0x10 CMakeFiles/MacroKeyboard_V0.2.elf.dir/USB_DEVICE/Target/usbd_conf.c.obj
                0x08003a22                USBD_LL_CloseEP
 .text.USBD_LL_StallEP
                0x08003a32       0x10 CMakeFiles/MacroKeyboard_V0.2.elf.dir/USB_DEVICE/Target/usbd_conf.c.obj
                0x08003a32                USBD_LL_StallEP
 .text.USBD_LL_ClearStallEP
                0x08003a42       0x10 CMakeFiles/MacroKeyboard_V0.2.elf.dir/USB_DEVICE/Target/usbd_conf.c.obj
                0x08003a42                USBD_LL_ClearStallEP
 .text.USBD_LL_IsStallEP
                0x08003a52       0x2e CMakeFiles/MacroKeyboard_V0.2.elf.dir/USB_DEVICE/Target/usbd_conf.c.obj
                0x08003a52                USBD_LL_IsStallEP
 .text.USBD_LL_SetUSBAddress
                0x08003a80       0x10 CMakeFiles/MacroKeyboard_V0.2.elf.dir/USB_DEVICE/Target/usbd_conf.c.obj
                0x08003a80                USBD_LL_SetUSBAddress
 .text.USBD_LL_Transmit
                0x08003a90       0x10 CMakeFiles/MacroKeyboard_V0.2.elf.dir/USB_DEVICE/Target/usbd_conf.c.obj
                0x08003a90                USBD_LL_Transmit
 .text.USBD_LL_PrepareReceive
                0x08003aa0       0x10 CMakeFiles/MacroKeyboard_V0.2.elf.dir/USB_DEVICE/Target/usbd_conf.c.obj
                0x08003aa0                USBD_LL_PrepareReceive
 .text.USBD_static_malloc
                0x08003ab0        0x8 CMakeFiles/MacroKeyboard_V0.2.elf.dir/USB_DEVICE/Target/usbd_conf.c.obj
                0x08003ab0                USBD_static_malloc
 .text.USBD_static_free
                0x08003ab8        0x2 CMakeFiles/MacroKeyboard_V0.2.elf.dir/USB_DEVICE/Target/usbd_conf.c.obj
                0x08003ab8                USBD_static_free
 .text.HAL_PCDEx_SetConnectionState
                0x08003aba        0x2 CMakeFiles/MacroKeyboard_V0.2.elf.dir/USB_DEVICE/Target/usbd_conf.c.obj
                0x08003aba                HAL_PCDEx_SetConnectionState
 .text.Reset_Handler
                0x08003abc       0x48 CMakeFiles/MacroKeyboard_V0.2.elf.dir/startup/startup_stm32f103xe.s.obj
                0x08003abc                Reset_Handler
 .text.Default_Handler
                0x08003b04        0x2 CMakeFiles/MacroKeyboard_V0.2.elf.dir/startup/startup_stm32f103xe.s.obj
                0x08003b04                RTC_Alarm_IRQHandler
                0x08003b04                EXTI2_IRQHandler
                0x08003b04                TIM8_TRG_COM_IRQHandler
                0x08003b04                TIM8_CC_IRQHandler
                0x08003b04                TIM1_CC_IRQHandler
                0x08003b04                TIM6_IRQHandler
                0x08003b04                PVD_IRQHandler
                0x08003b04                SDIO_IRQHandler
                0x08003b04                EXTI3_IRQHandler
                0x08003b04                EXTI0_IRQHandler
                0x08003b04                I2C2_EV_IRQHandler
                0x08003b04                ADC1_2_IRQHandler
                0x08003b04                SPI1_IRQHandler
                0x08003b04                TAMPER_IRQHandler
                0x08003b04                TIM8_UP_IRQHandler
                0x08003b04                DMA2_Channel2_IRQHandler
                0x08003b04                DMA1_Channel4_IRQHandler
                0x08003b04                USART3_IRQHandler
                0x08003b04                RTC_IRQHandler
                0x08003b04                DMA1_Channel7_IRQHandler
                0x08003b04                CAN1_RX1_IRQHandler
                0x08003b04                UART5_IRQHandler
                0x08003b04                ADC3_IRQHandler
                0x08003b04                TIM4_IRQHandler
                0x08003b04                DMA2_Channel1_IRQHandler
                0x08003b04                I2C1_EV_IRQHandler
                0x08003b04                DMA1_Channel6_IRQHandler
                0x08003b04                UART4_IRQHandler
                0x08003b04                TIM3_IRQHandler
                0x08003b04                RCC_IRQHandler
                0x08003b04                TIM1_TRG_COM_IRQHandler
                0x08003b04                DMA1_Channel1_IRQHandler
                0x08003b04                Default_Handler
                0x08003b04                EXTI15_10_IRQHandler
                0x08003b04                TIM7_IRQHandler
                0x08003b04                TIM5_IRQHandler
                0x08003b04                EXTI9_5_IRQHandler
                0x08003b04                SPI2_IRQHandler
                0x08003b04                DMA1_Channel5_IRQHandler
                0x08003b04                EXTI4_IRQHandler
                0x08003b04                USB_HP_CAN1_TX_IRQHandler
                0x08003b04                DMA1_Channel3_IRQHandler
                0x08003b04                FSMC_IRQHandler
                0x08003b04                TIM1_UP_IRQHandler
                0x08003b04                WWDG_IRQHandler
                0x08003b04                TIM2_IRQHandler
                0x08003b04                TIM1_BRK_IRQHandler
                0x08003b04                EXTI1_IRQHandler
                0x08003b04                DMA2_Channel4_5_IRQHandler
                0x08003b04                USART2_IRQHandler
                0x08003b04                I2C2_ER_IRQHandler
                0x08003b04                DMA1_Channel2_IRQHandler
                0x08003b04                TIM8_BRK_IRQHandler
                0x08003b04                CAN1_SCE_IRQHandler
                0x08003b04                FLASH_IRQHandler
                0x08003b04                USART1_IRQHandler
                0x08003b04                SPI3_IRQHandler
                0x08003b04                I2C1_ER_IRQHandler
                0x08003b04                USBWakeUp_IRQHandler
                0x08003b04                DMA2_Channel3_IRQHandler
 *fill*         0x08003b06        0x2 
 .text.__libc_init_array
                0x08003b08       0x48 c:/sysgcc/arm-eabi/bin/../lib/gcc/arm-none-eabi/10.3.1/../../../../arm-none-eabi/lib/thumb/v7-m/nofp\libc.a(lib_a-init.o)
                0x08003b08                __libc_init_array
 .text.memset   0x08003b50       0xa4 c:/sysgcc/arm-eabi/bin/../lib/gcc/arm-none-eabi/10.3.1/../../../../arm-none-eabi/lib/thumb/v7-m/nofp\libc.a(lib_a-memset.o)
                0x08003b50                memset
 .text.startup.register_fini
                0x08003bf4       0x14 c:/sysgcc/arm-eabi/bin/../lib/gcc/arm-none-eabi/10.3.1/../../../../arm-none-eabi/lib/thumb/v7-m/nofp\libc.a(lib_a-__call_atexit.o)
 .text.atexit   0x08003c08        0xc c:/sysgcc/arm-eabi/bin/../lib/gcc/arm-none-eabi/10.3.1/../../../../arm-none-eabi/lib/thumb/v7-m/nofp\libc.a(lib_a-atexit.o)
                0x08003c08                atexit
 .text.__libc_fini_array
                0x08003c14       0x2c c:/sysgcc/arm-eabi/bin/../lib/gcc/arm-none-eabi/10.3.1/../../../../arm-none-eabi/lib/thumb/v7-m/nofp\libc.a(lib_a-fini.o)
                0x08003c14                __libc_fini_array
 .text.__retarget_lock_acquire_recursive
                0x08003c40        0x4 c:/sysgcc/arm-eabi/bin/../lib/gcc/arm-none-eabi/10.3.1/../../../../arm-none-eabi/lib/thumb/v7-m/nofp\libc.a(lib_a-lock.o)
                0x08003c40                __retarget_lock_acquire_recursive
 .text.__retarget_lock_release_recursive
                0x08003c44        0x4 c:/sysgcc/arm-eabi/bin/../lib/gcc/arm-none-eabi/10.3.1/../../../../arm-none-eabi/lib/thumb/v7-m/nofp\libc.a(lib_a-lock.o)
                0x08003c44                __retarget_lock_release_recursive
 .text.__register_exitproc
                0x08003c48       0x8c c:/sysgcc/arm-eabi/bin/../lib/gcc/arm-none-eabi/10.3.1/../../../../arm-none-eabi/lib/thumb/v7-m/nofp\libc.a(lib_a-__atexit.o)
                0x08003c48                __register_exitproc
 *(.glue_7)
 .glue_7        0x08003cd4        0x0 linker stubs
 *(.glue_7t)
 .glue_7t       0x08003cd4        0x0 linker stubs
 *(.eh_frame)
 .eh_frame      0x08003cd4        0x0 c:/sysgcc/arm-eabi/bin/../lib/gcc/arm-none-eabi/10.3.1/thumb/v7-m/nofp/crtbegin.o
 *(.init)
 .init          0x08003cd4        0x4 c:/sysgcc/arm-eabi/bin/../lib/gcc/arm-none-eabi/10.3.1/thumb/v7-m/nofp/crti.o
                0x08003cd4                _init
 .init          0x08003cd8        0x8 c:/sysgcc/arm-eabi/bin/../lib/gcc/arm-none-eabi/10.3.1/thumb/v7-m/nofp/crtn.o
 *(.fini)
 .fini          0x08003ce0        0x4 c:/sysgcc/arm-eabi/bin/../lib/gcc/arm-none-eabi/10.3.1/thumb/v7-m/nofp/crti.o
                0x08003ce0                _fini
 .fini          0x08003ce4        0x8 c:/sysgcc/arm-eabi/bin/../lib/gcc/arm-none-eabi/10.3.1/thumb/v7-m/nofp/crtn.o
                0x08003cec                . = ALIGN (0x4)
                0x08003cec                _etext = .

.vfp11_veneer   0x08003cec        0x0
 .vfp11_veneer  0x08003cec        0x0 linker stubs

.v4_bx          0x08003cec        0x0
 .v4_bx         0x08003cec        0x0 linker stubs

.iplt           0x08003cec        0x0
 .iplt          0x08003cec        0x0 c:/sysgcc/arm-eabi/bin/../lib/gcc/arm-none-eabi/10.3.1/thumb/v7-m/nofp/crtbegin.o

.rodata         0x08003cec       0x88
                0x08003cec                . = ALIGN (0x4)
 *(.rodata)
 *(.rodata*)
 .rodata.AHBPrescTable
                0x08003cec       0x10 CMakeFiles/MacroKeyboard_V0.2.elf.dir/Core/Src/system_stm32f1xx.c.obj
                0x08003cec                AHBPrescTable
 .rodata.HAL_RCC_GetSysClockFreq.str1.4
                0x08003cfc       0x11 CMakeFiles/MacroKeyboard_V0.2.elf.dir/Drivers/STM32F1xx_HAL_Driver/Src/stm32f1xx_hal_rcc.c.obj
 *fill*         0x08003d0d        0x3 
 .rodata.USBD_FS_ProductStrDescriptor.str1.4
                0x08003d10       0x1d CMakeFiles/MacroKeyboard_V0.2.elf.dir/USB_DEVICE/App/usbd_desc.c.obj
 *fill*         0x08003d2d        0x3 
 .rodata.USBD_FS_ManufacturerStrDescriptor.str1.4
                0x08003d30       0x13 CMakeFiles/MacroKeyboard_V0.2.elf.dir/USB_DEVICE/App/usbd_desc.c.obj
 *fill*         0x08003d43        0x1 
 .rodata.USBD_FS_ConfigStrDescriptor.str1.4
                0x08003d44       0x12 CMakeFiles/MacroKeyboard_V0.2.elf.dir/USB_DEVICE/App/usbd_desc.c.obj
 *fill*         0x08003d56        0x2 
 .rodata.USBD_FS_InterfaceStrDescriptor.str1.4
                0x08003d58       0x15 CMakeFiles/MacroKeyboard_V0.2.elf.dir/USB_DEVICE/App/usbd_desc.c.obj
 *fill*         0x08003d6d        0x3 
 .rodata._global_impure_ptr
                0x08003d70        0x4 c:/sysgcc/arm-eabi/bin/../lib/gcc/arm-none-eabi/10.3.1/../../../../arm-none-eabi/lib/thumb/v7-m/nofp\libc.a(lib_a-impure.o)
                0x08003d70                _global_impure_ptr
                0x08003d74                . = ALIGN (0x4)

.rel.dyn        0x08003d74        0x0
 .rel.iplt      0x08003d74        0x0 c:/sysgcc/arm-eabi/bin/../lib/gcc/arm-none-eabi/10.3.1/thumb/v7-m/nofp/crtbegin.o

.ARM.extab
 *(.ARM.extab* .gnu.linkonce.armextab.*)

.ARM            0x08003d74        0x0
                0x08003d74                __exidx_start = .
 *(.ARM.exidx*)
                0x08003d74                __exidx_end = .

.preinit_array  0x08003d74        0x0
                0x08003d74                PROVIDE (__preinit_array_start = .)
 *(.preinit_array*)
                0x08003d74                PROVIDE (__preinit_array_end = .)

.init_array     0x08003d74        0x8
                0x08003d74                PROVIDE (__init_array_start = .)
 *(SORT_BY_NAME(.init_array.*))
 .init_array.00000
                0x08003d74        0x4 c:/sysgcc/arm-eabi/bin/../lib/gcc/arm-none-eabi/10.3.1/../../../../arm-none-eabi/lib/thumb/v7-m/nofp\libc.a(lib_a-__call_atexit.o)
 *(.init_array*)
 .init_array    0x08003d78        0x4 c:/sysgcc/arm-eabi/bin/../lib/gcc/arm-none-eabi/10.3.1/thumb/v7-m/nofp/crtbegin.o
                0x08003d7c                PROVIDE (__init_array_end = .)

.fini_array     0x08003d7c        0x4
                0x08003d7c                PROVIDE (__fini_array_start = .)
 *(SORT_BY_NAME(.fini_array.*))
 *(.fini_array*)
 .fini_array    0x08003d7c        0x4 c:/sysgcc/arm-eabi/bin/../lib/gcc/arm-none-eabi/10.3.1/thumb/v7-m/nofp/crtbegin.o
                0x08003d80                PROVIDE (__fini_array_end = .)
                0x08003d80                _sidata = LOADADDR (.data)

.data           0x20000000      0x594 load address 0x08003d80
                0x20000000                . = ALIGN (0x4)
                0x20000000                _sdata = .
 *(.data)
 *(.data*)
 .data.SystemCoreClock
                0x20000000        0x4 CMakeFiles/MacroKeyboard_V0.2.elf.dir/Core/Src/system_stm32f1xx.c.obj
                0x20000000                SystemCoreClock
 .data.uwTickFreq
                0x20000004        0x1 CMakeFiles/MacroKeyboard_V0.2.elf.dir/Drivers/STM32F1xx_HAL_Driver/Src/stm32f1xx_hal.c.obj
                0x20000004                uwTickFreq
 *fill*         0x20000005        0x3 
 .data.uwTickPrio
                0x20000008        0x4 CMakeFiles/MacroKeyboard_V0.2.elf.dir/Drivers/STM32F1xx_HAL_Driver/Src/stm32f1xx_hal.c.obj
                0x20000008                uwTickPrio
 .data.USBD_CUSTOM_HID
                0x2000000c       0x38 CMakeFiles/MacroKeyboard_V0.2.elf.dir/Middlewares/ST/STM32_USB_Device_Library/Class/CustomHID/Src/usbd_customhid.c.obj
                0x2000000c                USBD_CUSTOM_HID
 .data.USBD_CUSTOM_HID_CfgFSDesc
                0x20000044       0x29 CMakeFiles/MacroKeyboard_V0.2.elf.dir/Middlewares/ST/STM32_USB_Device_Library/Class/CustomHID/Src/usbd_customhid.c.obj
 *fill*         0x2000006d        0x3 
 .data.USBD_CUSTOM_HID_CfgHSDesc
                0x20000070       0x29 CMakeFiles/MacroKeyboard_V0.2.elf.dir/Middlewares/ST/STM32_USB_Device_Library/Class/CustomHID/Src/usbd_customhid.c.obj
 *fill*         0x20000099        0x3 
 .data.USBD_CUSTOM_HID_Desc
                0x2000009c        0x9 CMakeFiles/MacroKeyboard_V0.2.elf.dir/Middlewares/ST/STM32_USB_Device_Library/Class/CustomHID/Src/usbd_customhid.c.obj
 *fill*         0x200000a5        0x3 
 .data.USBD_CUSTOM_HID_DeviceQualifierDesc
                0x200000a8        0xa CMakeFiles/MacroKeyboard_V0.2.elf.dir/Middlewares/ST/STM32_USB_Device_Library/Class/CustomHID/Src/usbd_customhid.c.obj
 *fill*         0x200000b2        0x2 
 .data.USBD_CUSTOM_HID_OtherSpeedCfgDesc
                0x200000b4       0x29 CMakeFiles/MacroKeyboard_V0.2.elf.dir/Middlewares/ST/STM32_USB_Device_Library/Class/CustomHID/Src/usbd_customhid.c.obj
 *fill*         0x200000dd        0x3 
 .data.CUSTOM_HID_ReportDesc_FS
                0x200000e0       0x22 CMakeFiles/MacroKeyboard_V0.2.elf.dir/USB_DEVICE/App/usbd_custom_hid_if.c.obj
 *fill*         0x20000102        0x2 
 .data.USBD_CustomHID_fops_FS
                0x20000104       0x10 CMakeFiles/MacroKeyboard_V0.2.elf.dir/USB_DEVICE/App/usbd_custom_hid_if.c.obj
                0x20000104                USBD_CustomHID_fops_FS
 .data.FS_Desc  0x20000114       0x1c CMakeFiles/MacroKeyboard_V0.2.elf.dir/USB_DEVICE/App/usbd_desc.c.obj
                0x20000114                FS_Desc
 .data.USBD_FS_DeviceDesc
                0x20000130       0x12 CMakeFiles/MacroKeyboard_V0.2.elf.dir/USB_DEVICE/App/usbd_desc.c.obj
                0x20000130                USBD_FS_DeviceDesc
 *fill*         0x20000142        0x2 
 .data.USBD_LangIDDesc
                0x20000144        0x4 CMakeFiles/MacroKeyboard_V0.2.elf.dir/USB_DEVICE/App/usbd_desc.c.obj
                0x20000144                USBD_LangIDDesc
 .data.USBD_StringSerial
                0x20000148       0x1a CMakeFiles/MacroKeyboard_V0.2.elf.dir/USB_DEVICE/App/usbd_desc.c.obj
                0x20000148                USBD_StringSerial
 *fill*         0x20000162        0x6 
 .data.impure_data
                0x20000168      0x428 c:/sysgcc/arm-eabi/bin/../lib/gcc/arm-none-eabi/10.3.1/../../../../arm-none-eabi/lib/thumb/v7-m/nofp\libc.a(lib_a-impure.o)
 .data.__atexit_recursive_mutex
                0x20000590        0x4 c:/sysgcc/arm-eabi/bin/../lib/gcc/arm-none-eabi/10.3.1/../../../../arm-none-eabi/lib/thumb/v7-m/nofp\libc.a(lib_a-__call_atexit.o)
                0x20000590                __atexit_recursive_mutex
                0x20000594                . = ALIGN (0x4)
                0x20000594                _edata = .

.igot.plt       0x20000594        0x0 load address 0x08004314
 .igot.plt      0x20000594        0x0 c:/sysgcc/arm-eabi/bin/../lib/gcc/arm-none-eabi/10.3.1/thumb/v7-m/nofp/crtbegin.o
                0x20000594                . = ALIGN (0x4)

.bss            0x20000594      0x830 load address 0x08004314
                0x20000594                _sbss = .
                0x20000594                __bss_start__ = _sbss
 *(.bss)
 .bss           0x20000594       0x1c c:/sysgcc/arm-eabi/bin/../lib/gcc/arm-none-eabi/10.3.1/thumb/v7-m/nofp/crtbegin.o
 *(.bss*)
 .bss.uwTick    0x200005b0        0x4 CMakeFiles/MacroKeyboard_V0.2.elf.dir/Drivers/STM32F1xx_HAL_Driver/Src/stm32f1xx_hal.c.obj
                0x200005b0                uwTick
 .bss.cfgidx.0  0x200005b4        0x1 CMakeFiles/MacroKeyboard_V0.2.elf.dir/Middlewares/ST/STM32_USB_Device_Library/Core/Src/usbd_ctlreq.c.obj
 *fill*         0x200005b5        0x3 
 .bss.hUsbDeviceFS
                0x200005b8      0x2c4 CMakeFiles/MacroKeyboard_V0.2.elf.dir/USB_DEVICE/App/usb_device.c.obj
                0x200005b8                hUsbDeviceFS
 .bss.USBD_StrDesc
                0x2000087c      0x200 CMakeFiles/MacroKeyboard_V0.2.elf.dir/USB_DEVICE/App/usbd_desc.c.obj
                0x2000087c                USBD_StrDesc
 .bss.hpcd_USB_FS
                0x20000a7c      0x2ec CMakeFiles/MacroKeyboard_V0.2.elf.dir/USB_DEVICE/Target/usbd_conf.c.obj
                0x20000a7c                hpcd_USB_FS
 .bss.mem.0     0x20000d68       0x58 CMakeFiles/MacroKeyboard_V0.2.elf.dir/USB_DEVICE/Target/usbd_conf.c.obj
 .bss.__lock___atexit_recursive_mutex
                0x20000dc0        0x1 c:/sysgcc/arm-eabi/bin/../lib/gcc/arm-none-eabi/10.3.1/../../../../arm-none-eabi/lib/thumb/v7-m/nofp\libc.a(lib_a-lock.o)
                0x20000dc0                __lock___atexit_recursive_mutex
 *(COMMON)
                0x20000dc4                . = ALIGN (0x4)
 *fill*         0x20000dc1        0x3 
                0x20000dc4                _ebss = .
                0x20000dc4                __bss_end__ = _ebss

._user_heap_stack
                0x20000dc4      0x604 load address 0x08004314
                0x20000dc8                . = ALIGN (0x8)
 *fill*         0x20000dc4        0x4 
                0x20000dc8                PROVIDE (end = .)
                [!provide]                PROVIDE (_end = .)
                0x20000fc8                . = (. + _Min_Heap_Size)
 *fill*         0x20000dc8      0x200 
                0x200013c8                . = (. + _Min_Stack_Size)
 *fill*         0x20000fc8      0x400 
                0x200013c8                . = ALIGN (0x8)

/DISCARD/
 libc.a(*)
 libm.a(*)
 libgcc.a(*)

.ARM.attributes
                0x00000000       0x29
 *(.ARM.attributes)
 .ARM.attributes
                0x00000000       0x1d c:/sysgcc/arm-eabi/bin/../lib/gcc/arm-none-eabi/10.3.1/thumb/v7-m/nofp/crti.o
 .ARM.attributes
                0x0000001d       0x2d c:/sysgcc/arm-eabi/bin/../lib/gcc/arm-none-eabi/10.3.1/thumb/v7-m/nofp/crtbegin.o
 .ARM.attributes
                0x0000004a       0x2d CMakeFiles/MacroKeyboard_V0.2.elf.dir/Core/Src/gpio.c.obj
 .ARM.attributes
                0x00000077       0x2d CMakeFiles/MacroKeyboard_V0.2.elf.dir/Core/Src/main.c.obj
 .ARM.attributes
                0x000000a4       0x2d CMakeFiles/MacroKeyboard_V0.2.elf.dir/Core/Src/stm32f1xx_hal_msp.c.obj
 .ARM.attributes
                0x000000d1       0x2d CMakeFiles/MacroKeyboard_V0.2.elf.dir/Core/Src/stm32f1xx_it.c.obj
 .ARM.attributes
                0x000000fe       0x2d CMakeFiles/MacroKeyboard_V0.2.elf.dir/Core/Src/system_stm32f1xx.c.obj
 .ARM.attributes
                0x0000012b       0x2d CMakeFiles/MacroKeyboard_V0.2.elf.dir/Drivers/STM32F1xx_HAL_Driver/Src/stm32f1xx_hal.c.obj
 .ARM.attributes
                0x00000158       0x2d CMakeFiles/MacroKeyboard_V0.2.elf.dir/Drivers/STM32F1xx_HAL_Driver/Src/stm32f1xx_hal_cortex.c.obj
 .ARM.attributes
                0x00000185       0x2d CMakeFiles/MacroKeyboard_V0.2.elf.dir/Drivers/STM32F1xx_HAL_Driver/Src/stm32f1xx_hal_pcd.c.obj
 .ARM.attributes
                0x000001b2       0x2d CMakeFiles/MacroKeyboard_V0.2.elf.dir/Drivers/STM32F1xx_HAL_Driver/Src/stm32f1xx_hal_pcd_ex.c.obj
 .ARM.attributes
                0x000001df       0x2d CMakeFiles/MacroKeyboard_V0.2.elf.dir/Drivers/STM32F1xx_HAL_Driver/Src/stm32f1xx_hal_rcc.c.obj
 .ARM.attributes
                0x0000020c       0x2d CMakeFiles/MacroKeyboard_V0.2.elf.dir/Drivers/STM32F1xx_HAL_Driver/Src/stm32f1xx_hal_rcc_ex.c.obj
 .ARM.attributes
                0x00000239       0x2d CMakeFiles/MacroKeyboard_V0.2.elf.dir/Drivers/STM32F1xx_HAL_Driver/Src/stm32f1xx_ll_usb.c.obj
 .ARM.attributes
                0x00000266       0x2d CMakeFiles/MacroKeyboard_V0.2.elf.dir/Middlewares/ST/STM32_USB_Device_Library/Class/CustomHID/Src/usbd_customhid.c.obj
 .ARM.attributes
                0x00000293       0x2d CMakeFiles/MacroKeyboard_V0.2.elf.dir/Middlewares/ST/STM32_USB_Device_Library/Core/Src/usbd_core.c.obj
 .ARM.attributes
                0x000002c0       0x2d CMakeFiles/MacroKeyboard_V0.2.elf.dir/Middlewares/ST/STM32_USB_Device_Library/Core/Src/usbd_ctlreq.c.obj
 .ARM.attributes
                0x000002ed       0x2d CMakeFiles/MacroKeyboard_V0.2.elf.dir/Middlewares/ST/STM32_USB_Device_Library/Core/Src/usbd_ioreq.c.obj
 .ARM.attributes
                0x0000031a       0x2d CMakeFiles/MacroKeyboard_V0.2.elf.dir/USB_DEVICE/App/usb_device.c.obj
 .ARM.attributes
                0x00000347       0x2d CMakeFiles/MacroKeyboard_V0.2.elf.dir/USB_DEVICE/App/usbd_custom_hid_if.c.obj
 .ARM.attributes
                0x00000374       0x2d CMakeFiles/MacroKeyboard_V0.2.elf.dir/USB_DEVICE/App/usbd_desc.c.obj
 .ARM.attributes
                0x000003a1       0x2d CMakeFiles/MacroKeyboard_V0.2.elf.dir/USB_DEVICE/Target/usbd_conf.c.obj
 .ARM.attributes
                0x000003ce       0x21 CMakeFiles/MacroKeyboard_V0.2.elf.dir/startup/startup_stm32f103xe.s.obj
 .ARM.attributes
                0x000003ef       0x2d c:/sysgcc/arm-eabi/bin/../lib/gcc/arm-none-eabi/10.3.1/../../../../arm-none-eabi/lib/thumb/v7-m/nofp\libc.a(lib_a-impure.o)
 .ARM.attributes
                0x0000041c       0x2d c:/sysgcc/arm-eabi/bin/../lib/gcc/arm-none-eabi/10.3.1/../../../../arm-none-eabi/lib/thumb/v7-m/nofp\libc.a(lib_a-init.o)
 .ARM.attributes
                0x00000449       0x2d c:/sysgcc/arm-eabi/bin/../lib/gcc/arm-none-eabi/10.3.1/../../../../arm-none-eabi/lib/thumb/v7-m/nofp\libc.a(lib_a-memset.o)
 .ARM.attributes
                0x00000476       0x2d c:/sysgcc/arm-eabi/bin/../lib/gcc/arm-none-eabi/10.3.1/../../../../arm-none-eabi/lib/thumb/v7-m/nofp\libc.a(lib_a-__call_atexit.o)
 .ARM.attributes
                0x000004a3       0x2d c:/sysgcc/arm-eabi/bin/../lib/gcc/arm-none-eabi/10.3.1/../../../../arm-none-eabi/lib/thumb/v7-m/nofp\libc.a(lib_a-atexit.o)
 .ARM.attributes
                0x000004d0       0x2d c:/sysgcc/arm-eabi/bin/../lib/gcc/arm-none-eabi/10.3.1/../../../../arm-none-eabi/lib/thumb/v7-m/nofp\libc.a(lib_a-fini.o)
 .ARM.attributes
                0x000004fd       0x2d c:/sysgcc/arm-eabi/bin/../lib/gcc/arm-none-eabi/10.3.1/../../../../arm-none-eabi/lib/thumb/v7-m/nofp\libc.a(lib_a-lock.o)
 .ARM.attributes
                0x0000052a       0x2d c:/sysgcc/arm-eabi/bin/../lib/gcc/arm-none-eabi/10.3.1/../../../../arm-none-eabi/lib/thumb/v7-m/nofp\libc.a(lib_a-__atexit.o)
 .ARM.attributes
                0x00000557       0x1d c:/sysgcc/arm-eabi/bin/../lib/gcc/arm-none-eabi/10.3.1/thumb/v7-m/nofp/crtn.o
OUTPUT(MacroKeyboard_V0.2.elf elf32-littlearm)
LOAD linker stubs
LOAD c:/sysgcc/arm-eabi/bin/../lib/gcc/arm-none-eabi/10.3.1/../../../../arm-none-eabi/lib/thumb/v7-m/nofp\libc.a
LOAD c:/sysgcc/arm-eabi/bin/../lib/gcc/arm-none-eabi/10.3.1/../../../../arm-none-eabi/lib/thumb/v7-m/nofp\libm.a
LOAD c:/sysgcc/arm-eabi/bin/../lib/gcc/arm-none-eabi/10.3.1/thumb/v7-m/nofp\libgcc.a

.debug_info     0x00000000     0xd0a7
 .debug_info    0x00000000      0x17c CMakeFiles/MacroKeyboard_V0.2.elf.dir/Core/Src/gpio.c.obj
 .debug_info    0x0000017c      0x3c7 CMakeFiles/MacroKeyboard_V0.2.elf.dir/Core/Src/main.c.obj
 .debug_info    0x00000543      0x211 CMakeFiles/MacroKeyboard_V0.2.elf.dir/Core/Src/stm32f1xx_hal_msp.c.obj
 .debug_info    0x00000754      0x671 CMakeFiles/MacroKeyboard_V0.2.elf.dir/Core/Src/stm32f1xx_it.c.obj
 .debug_info    0x00000dc5      0x248 CMakeFiles/MacroKeyboard_V0.2.elf.dir/Core/Src/system_stm32f1xx.c.obj
 .debug_info    0x0000100d      0x80e CMakeFiles/MacroKeyboard_V0.2.elf.dir/Drivers/STM32F1xx_HAL_Driver/Src/stm32f1xx_hal.c.obj
 .debug_info    0x0000181b      0xdf0 CMakeFiles/MacroKeyboard_V0.2.elf.dir/Drivers/STM32F1xx_HAL_Driver/Src/stm32f1xx_hal_cortex.c.obj
 .debug_info    0x0000260b     0x1b27 CMakeFiles/MacroKeyboard_V0.2.elf.dir/Drivers/STM32F1xx_HAL_Driver/Src/stm32f1xx_hal_pcd.c.obj
 .debug_info    0x00004132      0x737 CMakeFiles/MacroKeyboard_V0.2.elf.dir/Drivers/STM32F1xx_HAL_Driver/Src/stm32f1xx_hal_pcd_ex.c.obj
 .debug_info    0x00004869      0xa36 CMakeFiles/MacroKeyboard_V0.2.elf.dir/Drivers/STM32F1xx_HAL_Driver/Src/stm32f1xx_hal_rcc.c.obj
 .debug_info    0x0000529f      0x47e CMakeFiles/MacroKeyboard_V0.2.elf.dir/Drivers/STM32F1xx_HAL_Driver/Src/stm32f1xx_hal_rcc_ex.c.obj
 .debug_info    0x0000571d     0x1cb2 CMakeFiles/MacroKeyboard_V0.2.elf.dir/Drivers/STM32F1xx_HAL_Driver/Src/stm32f1xx_ll_usb.c.obj
 .debug_info    0x000073cf      0xccd CMakeFiles/MacroKeyboard_V0.2.elf.dir/Middlewares/ST/STM32_USB_Device_Library/Class/CustomHID/Src/usbd_customhid.c.obj
 .debug_info    0x0000809c      0xd74 CMakeFiles/MacroKeyboard_V0.2.elf.dir/Middlewares/ST/STM32_USB_Device_Library/Core/Src/usbd_core.c.obj
 .debug_info    0x00008e10     0x1078 CMakeFiles/MacroKeyboard_V0.2.elf.dir/Middlewares/ST/STM32_USB_Device_Library/Core/Src/usbd_ctlreq.c.obj
 .debug_info    0x00009e88      0x7e9 CMakeFiles/MacroKeyboard_V0.2.elf.dir/Middlewares/ST/STM32_USB_Device_Library/Core/Src/usbd_ioreq.c.obj
 .debug_info    0x0000a671      0x68a CMakeFiles/MacroKeyboard_V0.2.elf.dir/USB_DEVICE/App/usb_device.c.obj
 .debug_info    0x0000acfb      0x1ea CMakeFiles/MacroKeyboard_V0.2.elf.dir/USB_DEVICE/App/usbd_custom_hid_if.c.obj
 .debug_info    0x0000aee5      0x5eb CMakeFiles/MacroKeyboard_V0.2.elf.dir/USB_DEVICE/App/usbd_desc.c.obj
 .debug_info    0x0000b4d0     0x1bb5 CMakeFiles/MacroKeyboard_V0.2.elf.dir/USB_DEVICE/Target/usbd_conf.c.obj
 .debug_info    0x0000d085       0x22 CMakeFiles/MacroKeyboard_V0.2.elf.dir/startup/startup_stm32f103xe.s.obj

.debug_abbrev   0x00000000     0x2673
 .debug_abbrev  0x00000000       0xbf CMakeFiles/MacroKeyboard_V0.2.elf.dir/Core/Src/gpio.c.obj
 .debug_abbrev  0x000000bf      0x182 CMakeFiles/MacroKeyboard_V0.2.elf.dir/Core/Src/main.c.obj
 .debug_abbrev  0x00000241       0xe5 CMakeFiles/MacroKeyboard_V0.2.elf.dir/Core/Src/stm32f1xx_hal_msp.c.obj
 .debug_abbrev  0x00000326      0x176 CMakeFiles/MacroKeyboard_V0.2.elf.dir/Core/Src/stm32f1xx_it.c.obj
 .debug_abbrev  0x0000049c      0x13e CMakeFiles/MacroKeyboard_V0.2.elf.dir/Core/Src/system_stm32f1xx.c.obj
 .debug_abbrev  0x000005da      0x1f4 CMakeFiles/MacroKeyboard_V0.2.elf.dir/Drivers/STM32F1xx_HAL_Driver/Src/stm32f1xx_hal.c.obj
 .debug_abbrev  0x000007ce      0x341 CMakeFiles/MacroKeyboard_V0.2.elf.dir/Drivers/STM32F1xx_HAL_Driver/Src/stm32f1xx_hal_cortex.c.obj
 .debug_abbrev  0x00000b0f      0x2bd CMakeFiles/MacroKeyboard_V0.2.elf.dir/Drivers/STM32F1xx_HAL_Driver/Src/stm32f1xx_hal_pcd.c.obj
 .debug_abbrev  0x00000dcc      0x193 CMakeFiles/MacroKeyboard_V0.2.elf.dir/Drivers/STM32F1xx_HAL_Driver/Src/stm32f1xx_hal_pcd_ex.c.obj
 .debug_abbrev  0x00000f5f      0x27a CMakeFiles/MacroKeyboard_V0.2.elf.dir/Drivers/STM32F1xx_HAL_Driver/Src/stm32f1xx_hal_rcc.c.obj
 .debug_abbrev  0x000011d9      0x1d2 CMakeFiles/MacroKeyboard_V0.2.elf.dir/Drivers/STM32F1xx_HAL_Driver/Src/stm32f1xx_hal_rcc_ex.c.obj
 .debug_abbrev  0x000013ab      0x21f CMakeFiles/MacroKeyboard_V0.2.elf.dir/Drivers/STM32F1xx_HAL_Driver/Src/stm32f1xx_ll_usb.c.obj
 .debug_abbrev  0x000015ca      0x26a CMakeFiles/MacroKeyboard_V0.2.elf.dir/Middlewares/ST/STM32_USB_Device_Library/Class/CustomHID/Src/usbd_customhid.c.obj
 .debug_abbrev  0x00001834      0x24c CMakeFiles/MacroKeyboard_V0.2.elf.dir/Middlewares/ST/STM32_USB_Device_Library/Core/Src/usbd_core.c.obj
 .debug_abbrev  0x00001a80      0x2bf CMakeFiles/MacroKeyboard_V0.2.elf.dir/Middlewares/ST/STM32_USB_Device_Library/Core/Src/usbd_ctlreq.c.obj
 .debug_abbrev  0x00001d3f      0x17d CMakeFiles/MacroKeyboard_V0.2.elf.dir/Middlewares/ST/STM32_USB_Device_Library/Core/Src/usbd_ioreq.c.obj
 .debug_abbrev  0x00001ebc      0x18f CMakeFiles/MacroKeyboard_V0.2.elf.dir/USB_DEVICE/App/usb_device.c.obj
 .debug_abbrev  0x0000204b      0x13e CMakeFiles/MacroKeyboard_V0.2.elf.dir/USB_DEVICE/App/usbd_custom_hid_if.c.obj
 .debug_abbrev  0x00002189      0x1fe CMakeFiles/MacroKeyboard_V0.2.elf.dir/USB_DEVICE/App/usbd_desc.c.obj
 .debug_abbrev  0x00002387      0x2da CMakeFiles/MacroKeyboard_V0.2.elf.dir/USB_DEVICE/Target/usbd_conf.c.obj
 .debug_abbrev  0x00002661       0x12 CMakeFiles/MacroKeyboard_V0.2.elf.dir/startup/startup_stm32f103xe.s.obj

.debug_aranges  0x00000000      0x988
 .debug_aranges
                0x00000000       0x20 CMakeFiles/MacroKeyboard_V0.2.elf.dir/Core/Src/gpio.c.obj
 .debug_aranges
                0x00000020       0x30 CMakeFiles/MacroKeyboard_V0.2.elf.dir/Core/Src/main.c.obj
 .debug_aranges
                0x00000050       0x20 CMakeFiles/MacroKeyboard_V0.2.elf.dir/Core/Src/stm32f1xx_hal_msp.c.obj
 .debug_aranges
                0x00000070       0x68 CMakeFiles/MacroKeyboard_V0.2.elf.dir/Core/Src/stm32f1xx_it.c.obj
 .debug_aranges
                0x000000d8       0x28 CMakeFiles/MacroKeyboard_V0.2.elf.dir/Core/Src/system_stm32f1xx.c.obj
 .debug_aranges
                0x00000100       0xe0 CMakeFiles/MacroKeyboard_V0.2.elf.dir/Drivers/STM32F1xx_HAL_Driver/Src/stm32f1xx_hal.c.obj
 .debug_aranges
                0x000001e0       0x90 CMakeFiles/MacroKeyboard_V0.2.elf.dir/Drivers/STM32F1xx_HAL_Driver/Src/stm32f1xx_hal_cortex.c.obj
 .debug_aranges
                0x00000270      0x138 CMakeFiles/MacroKeyboard_V0.2.elf.dir/Drivers/STM32F1xx_HAL_Driver/Src/stm32f1xx_hal_pcd.c.obj
 .debug_aranges
                0x000003a8       0x38 CMakeFiles/MacroKeyboard_V0.2.elf.dir/Drivers/STM32F1xx_HAL_Driver/Src/stm32f1xx_hal_pcd_ex.c.obj
 .debug_aranges
                0x000003e0       0x90 CMakeFiles/MacroKeyboard_V0.2.elf.dir/Drivers/STM32F1xx_HAL_Driver/Src/stm32f1xx_hal_rcc.c.obj
 .debug_aranges
                0x00000470       0x30 CMakeFiles/MacroKeyboard_V0.2.elf.dir/Drivers/STM32F1xx_HAL_Driver/Src/stm32f1xx_hal_rcc_ex.c.obj
 .debug_aranges
                0x000004a0       0xf0 CMakeFiles/MacroKeyboard_V0.2.elf.dir/Drivers/STM32F1xx_HAL_Driver/Src/stm32f1xx_ll_usb.c.obj
 .debug_aranges
                0x00000590       0x78 CMakeFiles/MacroKeyboard_V0.2.elf.dir/Middlewares/ST/STM32_USB_Device_Library/Class/CustomHID/Src/usbd_customhid.c.obj
 .debug_aranges
                0x00000608       0xb8 CMakeFiles/MacroKeyboard_V0.2.elf.dir/Middlewares/ST/STM32_USB_Device_Library/Core/Src/usbd_core.c.obj
 .debug_aranges
                0x000006c0       0x88 CMakeFiles/MacroKeyboard_V0.2.elf.dir/Middlewares/ST/STM32_USB_Device_Library/Core/Src/usbd_ctlreq.c.obj
 .debug_aranges
                0x00000748       0x50 CMakeFiles/MacroKeyboard_V0.2.elf.dir/Middlewares/ST/STM32_USB_Device_Library/Core/Src/usbd_ioreq.c.obj
 .debug_aranges
                0x00000798       0x20 CMakeFiles/MacroKeyboard_V0.2.elf.dir/USB_DEVICE/App/usb_device.c.obj
 .debug_aranges
                0x000007b8       0x30 CMakeFiles/MacroKeyboard_V0.2.elf.dir/USB_DEVICE/App/usbd_custom_hid_if.c.obj
 .debug_aranges
                0x000007e8       0x60 CMakeFiles/MacroKeyboard_V0.2.elf.dir/USB_DEVICE/App/usbd_desc.c.obj
 .debug_aranges
                0x00000848      0x118 CMakeFiles/MacroKeyboard_V0.2.elf.dir/USB_DEVICE/Target/usbd_conf.c.obj
 .debug_aranges
                0x00000960       0x28 CMakeFiles/MacroKeyboard_V0.2.elf.dir/startup/startup_stm32f103xe.s.obj

.debug_ranges   0x00000000      0xc78
 .debug_ranges  0x00000000       0x10 CMakeFiles/MacroKeyboard_V0.2.elf.dir/Core/Src/gpio.c.obj
 .debug_ranges  0x00000010       0x20 CMakeFiles/MacroKeyboard_V0.2.elf.dir/Core/Src/main.c.obj
 .debug_ranges  0x00000030       0x10 CMakeFiles/MacroKeyboard_V0.2.elf.dir/Core/Src/stm32f1xx_hal_msp.c.obj
 .debug_ranges  0x00000040       0x58 CMakeFiles/MacroKeyboard_V0.2.elf.dir/Core/Src/stm32f1xx_it.c.obj
 .debug_ranges  0x00000098       0x18 CMakeFiles/MacroKeyboard_V0.2.elf.dir/Core/Src/system_stm32f1xx.c.obj
 .debug_ranges  0x000000b0       0xd0 CMakeFiles/MacroKeyboard_V0.2.elf.dir/Drivers/STM32F1xx_HAL_Driver/Src/stm32f1xx_hal.c.obj
 .debug_ranges  0x00000180       0xe0 CMakeFiles/MacroKeyboard_V0.2.elf.dir/Drivers/STM32F1xx_HAL_Driver/Src/stm32f1xx_hal_cortex.c.obj
 .debug_ranges  0x00000260      0x208 CMakeFiles/MacroKeyboard_V0.2.elf.dir/Drivers/STM32F1xx_HAL_Driver/Src/stm32f1xx_hal_pcd.c.obj
 .debug_ranges  0x00000468       0x28 CMakeFiles/MacroKeyboard_V0.2.elf.dir/Drivers/STM32F1xx_HAL_Driver/Src/stm32f1xx_hal_pcd_ex.c.obj
 .debug_ranges  0x00000490       0xa0 CMakeFiles/MacroKeyboard_V0.2.elf.dir/Drivers/STM32F1xx_HAL_Driver/Src/stm32f1xx_hal_rcc.c.obj
 .debug_ranges  0x00000530       0x38 CMakeFiles/MacroKeyboard_V0.2.elf.dir/Drivers/STM32F1xx_HAL_Driver/Src/stm32f1xx_hal_rcc_ex.c.obj
 .debug_ranges  0x00000568      0x3a0 CMakeFiles/MacroKeyboard_V0.2.elf.dir/Drivers/STM32F1xx_HAL_Driver/Src/stm32f1xx_ll_usb.c.obj
 .debug_ranges  0x00000908       0x68 CMakeFiles/MacroKeyboard_V0.2.elf.dir/Middlewares/ST/STM32_USB_Device_Library/Class/CustomHID/Src/usbd_customhid.c.obj
 .debug_ranges  0x00000970       0xa8 CMakeFiles/MacroKeyboard_V0.2.elf.dir/Middlewares/ST/STM32_USB_Device_Library/Core/Src/usbd_core.c.obj
 .debug_ranges  0x00000a18       0x78 CMakeFiles/MacroKeyboard_V0.2.elf.dir/Middlewares/ST/STM32_USB_Device_Library/Core/Src/usbd_ctlreq.c.obj
 .debug_ranges  0x00000a90       0x40 CMakeFiles/MacroKeyboard_V0.2.elf.dir/Middlewares/ST/STM32_USB_Device_Library/Core/Src/usbd_ioreq.c.obj
 .debug_ranges  0x00000ad0       0x10 CMakeFiles/MacroKeyboard_V0.2.elf.dir/USB_DEVICE/App/usb_device.c.obj
 .debug_ranges  0x00000ae0       0x20 CMakeFiles/MacroKeyboard_V0.2.elf.dir/USB_DEVICE/App/usbd_custom_hid_if.c.obj
 .debug_ranges  0x00000b00       0x50 CMakeFiles/MacroKeyboard_V0.2.elf.dir/USB_DEVICE/App/usbd_desc.c.obj
 .debug_ranges  0x00000b50      0x108 CMakeFiles/MacroKeyboard_V0.2.elf.dir/USB_DEVICE/Target/usbd_conf.c.obj
 .debug_ranges  0x00000c58       0x20 CMakeFiles/MacroKeyboard_V0.2.elf.dir/startup/startup_stm32f103xe.s.obj

.debug_line     0x00000000     0x9121
 .debug_line    0x00000000      0x193 CMakeFiles/MacroKeyboard_V0.2.elf.dir/Core/Src/gpio.c.obj
 .debug_line    0x00000193      0x3fc CMakeFiles/MacroKeyboard_V0.2.elf.dir/Core/Src/main.c.obj
 .debug_line    0x0000058f      0x1a7 CMakeFiles/MacroKeyboard_V0.2.elf.dir/Core/Src/stm32f1xx_hal_msp.c.obj
 .debug_line    0x00000736      0x357 CMakeFiles/MacroKeyboard_V0.2.elf.dir/Core/Src/stm32f1xx_it.c.obj
 .debug_line    0x00000a8d      0x270 CMakeFiles/MacroKeyboard_V0.2.elf.dir/Core/Src/system_stm32f1xx.c.obj
 .debug_line    0x00000cfd      0x5de CMakeFiles/MacroKeyboard_V0.2.elf.dir/Drivers/STM32F1xx_HAL_Driver/Src/stm32f1xx_hal.c.obj
 .debug_line    0x000012db      0x6a6 CMakeFiles/MacroKeyboard_V0.2.elf.dir/Drivers/STM32F1xx_HAL_Driver/Src/stm32f1xx_hal_cortex.c.obj
 .debug_line    0x00001981     0x192a CMakeFiles/MacroKeyboard_V0.2.elf.dir/Drivers/STM32F1xx_HAL_Driver/Src/stm32f1xx_hal_pcd.c.obj
 .debug_line    0x000032ab      0x300 CMakeFiles/MacroKeyboard_V0.2.elf.dir/Drivers/STM32F1xx_HAL_Driver/Src/stm32f1xx_hal_pcd_ex.c.obj
 .debug_line    0x000035ab      0xc99 CMakeFiles/MacroKeyboard_V0.2.elf.dir/Drivers/STM32F1xx_HAL_Driver/Src/stm32f1xx_hal_rcc.c.obj
 .debug_line    0x00004244      0x541 CMakeFiles/MacroKeyboard_V0.2.elf.dir/Drivers/STM32F1xx_HAL_Driver/Src/stm32f1xx_hal_rcc_ex.c.obj
 .debug_line    0x00004785     0x1b09 CMakeFiles/MacroKeyboard_V0.2.elf.dir/Drivers/STM32F1xx_HAL_Driver/Src/stm32f1xx_ll_usb.c.obj
 .debug_line    0x0000628e      0x6ba CMakeFiles/MacroKeyboard_V0.2.elf.dir/Middlewares/ST/STM32_USB_Device_Library/Class/CustomHID/Src/usbd_customhid.c.obj
 .debug_line    0x00006948      0x757 CMakeFiles/MacroKeyboard_V0.2.elf.dir/Middlewares/ST/STM32_USB_Device_Library/Core/Src/usbd_core.c.obj
 .debug_line    0x0000709f      0xb3f CMakeFiles/MacroKeyboard_V0.2.elf.dir/Middlewares/ST/STM32_USB_Device_Library/Core/Src/usbd_ctlreq.c.obj
 .debug_line    0x00007bde      0x2ce CMakeFiles/MacroKeyboard_V0.2.elf.dir/Middlewares/ST/STM32_USB_Device_Library/Core/Src/usbd_ioreq.c.obj
 .debug_line    0x00007eac      0x2ec CMakeFiles/MacroKeyboard_V0.2.elf.dir/USB_DEVICE/App/usb_device.c.obj
 .debug_line    0x00008198      0x27f CMakeFiles/MacroKeyboard_V0.2.elf.dir/USB_DEVICE/App/usbd_custom_hid_if.c.obj
 .debug_line    0x00008417      0x3a3 CMakeFiles/MacroKeyboard_V0.2.elf.dir/USB_DEVICE/App/usbd_desc.c.obj
 .debug_line    0x000087ba      0x8a7 CMakeFiles/MacroKeyboard_V0.2.elf.dir/USB_DEVICE/Target/usbd_conf.c.obj
 .debug_line    0x00009061       0xc0 CMakeFiles/MacroKeyboard_V0.2.elf.dir/startup/startup_stm32f103xe.s.obj

.debug_str      0x00000000     0x3236
 .debug_str     0x00000000      0x223 CMakeFiles/MacroKeyboard_V0.2.elf.dir/Core/Src/gpio.c.obj
                                0x260 (size before relaxing)
 .debug_str     0x00000223      0x2c2 CMakeFiles/MacroKeyboard_V0.2.elf.dir/Core/Src/main.c.obj
                                0x495 (size before relaxing)
 .debug_str     0x000004e5       0x9a CMakeFiles/MacroKeyboard_V0.2.elf.dir/Core/Src/stm32f1xx_hal_msp.c.obj
                                0x29a (size before relaxing)
 .debug_str     0x0000057f      0x46b CMakeFiles/MacroKeyboard_V0.2.elf.dir/Core/Src/stm32f1xx_it.c.obj
                                0x65c (size before relaxing)
 .debug_str     0x000009ea       0xbe CMakeFiles/MacroKeyboard_V0.2.elf.dir/Core/Src/system_stm32f1xx.c.obj
                                0x2cf (size before relaxing)
 .debug_str     0x00000aa8      0x71c CMakeFiles/MacroKeyboard_V0.2.elf.dir/Drivers/STM32F1xx_HAL_Driver/Src/stm32f1xx_hal.c.obj
                                0x983 (size before relaxing)
 .debug_str     0x000011c4      0x3dd CMakeFiles/MacroKeyboard_V0.2.elf.dir/Drivers/STM32F1xx_HAL_Driver/Src/stm32f1xx_hal_cortex.c.obj
                                0xa32 (size before relaxing)
 .debug_str     0x000015a1      0x5be CMakeFiles/MacroKeyboard_V0.2.elf.dir/Drivers/STM32F1xx_HAL_Driver/Src/stm32f1xx_hal_pcd.c.obj
                                0xb49 (size before relaxing)
 .debug_str     0x00001b5f      0x1b0 CMakeFiles/MacroKeyboard_V0.2.elf.dir/Drivers/STM32F1xx_HAL_Driver/Src/stm32f1xx_hal_pcd_ex.c.obj
                                0x743 (size before relaxing)
 .debug_str     0x00001d0f      0x26f CMakeFiles/MacroKeyboard_V0.2.elf.dir/Drivers/STM32F1xx_HAL_Driver/Src/stm32f1xx_hal_rcc.c.obj
                                0x6a6 (size before relaxing)
 .debug_str     0x00001f7e       0xdf CMakeFiles/MacroKeyboard_V0.2.elf.dir/Drivers/STM32F1xx_HAL_Driver/Src/stm32f1xx_hal_rcc_ex.c.obj
                                0x48c (size before relaxing)
 .debug_str     0x0000205d      0x17e CMakeFiles/MacroKeyboard_V0.2.elf.dir/Drivers/STM32F1xx_HAL_Driver/Src/stm32f1xx_ll_usb.c.obj
                                0x776 (size before relaxing)
 .debug_str     0x000021db      0x74e CMakeFiles/MacroKeyboard_V0.2.elf.dir/Middlewares/ST/STM32_USB_Device_Library/Class/CustomHID/Src/usbd_customhid.c.obj
                                0x9c5 (size before relaxing)
 .debug_str     0x00002929      0x2e0 CMakeFiles/MacroKeyboard_V0.2.elf.dir/Middlewares/ST/STM32_USB_Device_Library/Core/Src/usbd_core.c.obj
                                0x8ac (size before relaxing)
 .debug_str     0x00002c09      0x15b CMakeFiles/MacroKeyboard_V0.2.elf.dir/Middlewares/ST/STM32_USB_Device_Library/Core/Src/usbd_ctlreq.c.obj
                                0x7c6 (size before relaxing)
 .debug_str     0x00002d64       0xa7 CMakeFiles/MacroKeyboard_V0.2.elf.dir/Middlewares/ST/STM32_USB_Device_Library/Core/Src/usbd_ioreq.c.obj
                                0x6f3 (size before relaxing)
 .debug_str     0x00002e0b       0x8b CMakeFiles/MacroKeyboard_V0.2.elf.dir/USB_DEVICE/App/usb_device.c.obj
                                0x6de (size before relaxing)
 .debug_str     0x00002e96       0xc9 CMakeFiles/MacroKeyboard_V0.2.elf.dir/USB_DEVICE/App/usbd_custom_hid_if.c.obj
                                0x31c (size before relaxing)
 .debug_str     0x00002f5f      0x1b0 CMakeFiles/MacroKeyboard_V0.2.elf.dir/USB_DEVICE/App/usbd_desc.c.obj
                                0x4cc (size before relaxing)
 .debug_str     0x0000310f       0xb8 CMakeFiles/MacroKeyboard_V0.2.elf.dir/USB_DEVICE/Target/usbd_conf.c.obj
                               0x12fb (size before relaxing)
 .debug_str     0x000031c7       0x6f CMakeFiles/MacroKeyboard_V0.2.elf.dir/startup/startup_stm32f103xe.s.obj
                                 0xc4 (size before relaxing)

.comment        0x00000000       0x49
 .comment       0x00000000       0x49 CMakeFiles/MacroKeyboard_V0.2.elf.dir/Core/Src/gpio.c.obj
                                 0x4a (size before relaxing)
 .comment       0x00000049       0x4a CMakeFiles/MacroKeyboard_V0.2.elf.dir/Core/Src/main.c.obj
 .comment       0x00000049       0x4a CMakeFiles/MacroKeyboard_V0.2.elf.dir/Core/Src/stm32f1xx_hal_msp.c.obj
 .comment       0x00000049       0x4a CMakeFiles/MacroKeyboard_V0.2.elf.dir/Core/Src/stm32f1xx_it.c.obj
 .comment       0x00000049       0x4a CMakeFiles/MacroKeyboard_V0.2.elf.dir/Core/Src/system_stm32f1xx.c.obj
 .comment       0x00000049       0x4a CMakeFiles/MacroKeyboard_V0.2.elf.dir/Drivers/STM32F1xx_HAL_Driver/Src/stm32f1xx_hal.c.obj
 .comment       0x00000049       0x4a CMakeFiles/MacroKeyboard_V0.2.elf.dir/Drivers/STM32F1xx_HAL_Driver/Src/stm32f1xx_hal_cortex.c.obj
 .comment       0x00000049       0x4a CMakeFiles/MacroKeyboard_V0.2.elf.dir/Drivers/STM32F1xx_HAL_Driver/Src/stm32f1xx_hal_pcd.c.obj
 .comment       0x00000049       0x4a CMakeFiles/MacroKeyboard_V0.2.elf.dir/Drivers/STM32F1xx_HAL_Driver/Src/stm32f1xx_hal_pcd_ex.c.obj
 .comment       0x00000049       0x4a CMakeFiles/MacroKeyboard_V0.2.elf.dir/Drivers/STM32F1xx_HAL_Driver/Src/stm32f1xx_hal_rcc.c.obj
 .comment       0x00000049       0x4a CMakeFiles/MacroKeyboard_V0.2.elf.dir/Drivers/STM32F1xx_HAL_Driver/Src/stm32f1xx_hal_rcc_ex.c.obj
 .comment       0x00000049       0x4a CMakeFiles/MacroKeyboard_V0.2.elf.dir/Drivers/STM32F1xx_HAL_Driver/Src/stm32f1xx_ll_usb.c.obj
 .comment       0x00000049       0x4a CMakeFiles/MacroKeyboard_V0.2.elf.dir/Middlewares/ST/STM32_USB_Device_Library/Class/CustomHID/Src/usbd_customhid.c.obj
 .comment       0x00000049       0x4a CMakeFiles/MacroKeyboard_V0.2.elf.dir/Middlewares/ST/STM32_USB_Device_Library/Core/Src/usbd_core.c.obj
 .comment       0x00000049       0x4a CMakeFiles/MacroKeyboard_V0.2.elf.dir/Middlewares/ST/STM32_USB_Device_Library/Core/Src/usbd_ctlreq.c.obj
 .comment       0x00000049       0x4a CMakeFiles/MacroKeyboard_V0.2.elf.dir/Middlewares/ST/STM32_USB_Device_Library/Core/Src/usbd_ioreq.c.obj
 .comment       0x00000049       0x4a CMakeFiles/MacroKeyboard_V0.2.elf.dir/USB_DEVICE/App/usb_device.c.obj
 .comment       0x00000049       0x4a CMakeFiles/MacroKeyboard_V0.2.elf.dir/USB_DEVICE/App/usbd_custom_hid_if.c.obj
 .comment       0x00000049       0x4a CMakeFiles/MacroKeyboard_V0.2.elf.dir/USB_DEVICE/App/usbd_desc.c.obj
 .comment       0x00000049       0x4a CMakeFiles/MacroKeyboard_V0.2.elf.dir/USB_DEVICE/Target/usbd_conf.c.obj

.debug_frame    0x00000000     0x1730
 .debug_frame   0x00000000       0x28 CMakeFiles/MacroKeyboard_V0.2.elf.dir/Core/Src/gpio.c.obj
 .debug_frame   0x00000028       0x58 CMakeFiles/MacroKeyboard_V0.2.elf.dir/Core/Src/main.c.obj
 .debug_frame   0x00000080       0x28 CMakeFiles/MacroKeyboard_V0.2.elf.dir/Core/Src/stm32f1xx_hal_msp.c.obj
 .debug_frame   0x000000a8       0xc0 CMakeFiles/MacroKeyboard_V0.2.elf.dir/Core/Src/stm32f1xx_it.c.obj
 .debug_frame   0x00000168       0x30 CMakeFiles/MacroKeyboard_V0.2.elf.dir/Core/Src/system_stm32f1xx.c.obj
 .debug_frame   0x00000198      0x1cc CMakeFiles/MacroKeyboard_V0.2.elf.dir/Drivers/STM32F1xx_HAL_Driver/Src/stm32f1xx_hal.c.obj
 .debug_frame   0x00000364      0x118 CMakeFiles/MacroKeyboard_V0.2.elf.dir/Drivers/STM32F1xx_HAL_Driver/Src/stm32f1xx_hal_cortex.c.obj
 .debug_frame   0x0000047c      0x344 CMakeFiles/MacroKeyboard_V0.2.elf.dir/Drivers/STM32F1xx_HAL_Driver/Src/stm32f1xx_hal_pcd.c.obj
 .debug_frame   0x000007c0       0x50 CMakeFiles/MacroKeyboard_V0.2.elf.dir/Drivers/STM32F1xx_HAL_Driver/Src/stm32f1xx_hal_pcd_ex.c.obj
 .debug_frame   0x00000810      0x190 CMakeFiles/MacroKeyboard_V0.2.elf.dir/Drivers/STM32F1xx_HAL_Driver/Src/stm32f1xx_hal_rcc.c.obj
 .debug_frame   0x000009a0       0x64 CMakeFiles/MacroKeyboard_V0.2.elf.dir/Drivers/STM32F1xx_HAL_Driver/Src/stm32f1xx_hal_rcc_ex.c.obj
 .debug_frame   0x00000a04      0x1fc CMakeFiles/MacroKeyboard_V0.2.elf.dir/Drivers/STM32F1xx_HAL_Driver/Src/stm32f1xx_ll_usb.c.obj
 .debug_frame   0x00000c00      0x11c CMakeFiles/MacroKeyboard_V0.2.elf.dir/Middlewares/ST/STM32_USB_Device_Library/Class/CustomHID/Src/usbd_customhid.c.obj
 .debug_frame   0x00000d1c      0x1c4 CMakeFiles/MacroKeyboard_V0.2.elf.dir/Middlewares/ST/STM32_USB_Device_Library/Core/Src/usbd_core.c.obj
 .debug_frame   0x00000ee0      0x178 CMakeFiles/MacroKeyboard_V0.2.elf.dir/Middlewares/ST/STM32_USB_Device_Library/Core/Src/usbd_ctlreq.c.obj
 .debug_frame   0x00001058       0xb8 CMakeFiles/MacroKeyboard_V0.2.elf.dir/Middlewares/ST/STM32_USB_Device_Library/Core/Src/usbd_ioreq.c.obj
 .debug_frame   0x00001110       0x28 CMakeFiles/MacroKeyboard_V0.2.elf.dir/USB_DEVICE/App/usb_device.c.obj
 .debug_frame   0x00001138       0x40 CMakeFiles/MacroKeyboard_V0.2.elf.dir/USB_DEVICE/App/usbd_custom_hid_if.c.obj
 .debug_frame   0x00001178       0xe0 CMakeFiles/MacroKeyboard_V0.2.elf.dir/USB_DEVICE/App/usbd_desc.c.obj
 .debug_frame   0x00001258      0x2ec CMakeFiles/MacroKeyboard_V0.2.elf.dir/USB_DEVICE/Target/usbd_conf.c.obj
 .debug_frame   0x00001544       0x2c c:/sysgcc/arm-eabi/bin/../lib/gcc/arm-none-eabi/10.3.1/../../../../arm-none-eabi/lib/thumb/v7-m/nofp\libc.a(lib_a-init.o)
 .debug_frame   0x00001570       0x2c c:/sysgcc/arm-eabi/bin/../lib/gcc/arm-none-eabi/10.3.1/../../../../arm-none-eabi/lib/thumb/v7-m/nofp\libc.a(lib_a-memset.o)
 .debug_frame   0x0000159c       0x5c c:/sysgcc/arm-eabi/bin/../lib/gcc/arm-none-eabi/10.3.1/../../../../arm-none-eabi/lib/thumb/v7-m/nofp\libc.a(lib_a-__call_atexit.o)
 .debug_frame   0x000015f8       0x20 c:/sysgcc/arm-eabi/bin/../lib/gcc/arm-none-eabi/10.3.1/../../../../arm-none-eabi/lib/thumb/v7-m/nofp\libc.a(lib_a-atexit.o)
 .debug_frame   0x00001618       0x34 c:/sysgcc/arm-eabi/bin/../lib/gcc/arm-none-eabi/10.3.1/../../../../arm-none-eabi/lib/thumb/v7-m/nofp\libc.a(lib_a-fini.o)
 .debug_frame   0x0000164c       0xb0 c:/sysgcc/arm-eabi/bin/../lib/gcc/arm-none-eabi/10.3.1/../../../../arm-none-eabi/lib/thumb/v7-m/nofp\libc.a(lib_a-lock.o)
 .debug_frame   0x000016fc       0x34 c:/sysgcc/arm-eabi/bin/../lib/gcc/arm-none-eabi/10.3.1/../../../../arm-none-eabi/lib/thumb/v7-m/nofp\libc.a(lib_a-__atexit.o)

.debug_loc      0x00000000     0x7d68
 .debug_loc     0x00000000       0x15 CMakeFiles/MacroKeyboard_V0.2.elf.dir/Core/Src/stm32f1xx_hal_msp.c.obj
 .debug_loc     0x00000015       0xff CMakeFiles/MacroKeyboard_V0.2.elf.dir/Core/Src/system_stm32f1xx.c.obj
 .debug_loc     0x00000114      0x141 CMakeFiles/MacroKeyboard_V0.2.elf.dir/Drivers/STM32F1xx_HAL_Driver/Src/stm32f1xx_hal.c.obj
 .debug_loc     0x00000255      0x71f CMakeFiles/MacroKeyboard_V0.2.elf.dir/Drivers/STM32F1xx_HAL_Driver/Src/stm32f1xx_hal_cortex.c.obj
 .debug_loc     0x00000974     0x148f CMakeFiles/MacroKeyboard_V0.2.elf.dir/Drivers/STM32F1xx_HAL_Driver/Src/stm32f1xx_hal_pcd.c.obj
 .debug_loc     0x00001e03      0x11a CMakeFiles/MacroKeyboard_V0.2.elf.dir/Drivers/STM32F1xx_HAL_Driver/Src/stm32f1xx_hal_pcd_ex.c.obj
 .debug_loc     0x00001f1d      0x63e CMakeFiles/MacroKeyboard_V0.2.elf.dir/Drivers/STM32F1xx_HAL_Driver/Src/stm32f1xx_hal_rcc.c.obj
 .debug_loc     0x0000255b      0x42a CMakeFiles/MacroKeyboard_V0.2.elf.dir/Drivers/STM32F1xx_HAL_Driver/Src/stm32f1xx_hal_rcc_ex.c.obj
 .debug_loc     0x00002985     0x1c2e CMakeFiles/MacroKeyboard_V0.2.elf.dir/Drivers/STM32F1xx_HAL_Driver/Src/stm32f1xx_ll_usb.c.obj
 .debug_loc     0x000045b3      0x85d CMakeFiles/MacroKeyboard_V0.2.elf.dir/Middlewares/ST/STM32_USB_Device_Library/Class/CustomHID/Src/usbd_customhid.c.obj
 .debug_loc     0x00004e10      0x96a CMakeFiles/MacroKeyboard_V0.2.elf.dir/Middlewares/ST/STM32_USB_Device_Library/Core/Src/usbd_core.c.obj
 .debug_loc     0x0000577a     0x1481 CMakeFiles/MacroKeyboard_V0.2.elf.dir/Middlewares/ST/STM32_USB_Device_Library/Core/Src/usbd_ctlreq.c.obj
 .debug_loc     0x00006bfb      0x284 CMakeFiles/MacroKeyboard_V0.2.elf.dir/Middlewares/ST/STM32_USB_Device_Library/Core/Src/usbd_ioreq.c.obj
 .debug_loc     0x00006e7f       0x25 CMakeFiles/MacroKeyboard_V0.2.elf.dir/USB_DEVICE/App/usbd_custom_hid_if.c.obj
 .debug_loc     0x00006ea4      0x38f CMakeFiles/MacroKeyboard_V0.2.elf.dir/USB_DEVICE/App/usbd_desc.c.obj
 .debug_loc     0x00007233      0xb35 CMakeFiles/MacroKeyboard_V0.2.elf.dir/USB_DEVICE/Target/usbd_conf.c.obj
